../Core/Src/main.c:82:5:main	152	static
../Core/Src/main.c:150:6:SystemClock_Config	88	static
../Core/Src/main.c:192:13:MX_ADC1_Init	24	static
../Core/Src/main.c:244:13:MX_I2C1_Init	8	static
../Core/Src/main.c:278:13:MX_USART1_UART_Init	8	static
../Core/Src/main.c:311:13:MX_USART2_UART_Init	16	static
../Core/Src/main.c:346:13:MX_GPIO_Init	16	static
../Core/Src/main.c:364:7:Read_Temperature	24	static
../Core/Src/main.c:387:6:INA219_Init	24	static
../Core/Src/main.c:401:6:INA219_Read	40	static
../Core/Src/main.c:438:6:Error_Handler	4	static,ignoring_inline_asm
