Archive member included to satisfy reference by file (symbol)

C:/ST/STM32CubeIDE_1.19.0/STM32CubeIDE/plugins/com.st.stm32cube.ide.mcu.externaltools.gnu-tools-for-stm32.13.3.rel1.win32_1.0.0.202411081344/tools/bin/../lib/gcc/arm-none-eabi/13.3.1/../../../../arm-none-eabi/lib/thumb/v7e-m+fp/hard\libc_nano.a(libc_a-exit.o)
                              C:/ST/STM32CubeIDE_1.19.0/STM32CubeIDE/plugins/com.st.stm32cube.ide.mcu.externaltools.gnu-tools-for-stm32.13.3.rel1.win32_1.0.0.202411081344/tools/bin/../lib/gcc/arm-none-eabi/13.3.1/../../../../arm-none-eabi/lib/thumb/v7e-m+fp/hard/crt0.o (exit)
C:/ST/STM32CubeIDE_1.19.0/STM32CubeIDE/plugins/com.st.stm32cube.ide.mcu.externaltools.gnu-tools-for-stm32.13.3.rel1.win32_1.0.0.202411081344/tools/bin/../lib/gcc/arm-none-eabi/13.3.1/../../../../arm-none-eabi/lib/thumb/v7e-m+fp/hard\libc_nano.a(libc_a-findfp.o)
                              ./Middlewares/Third_Party/FreeRTOS/Source/tasks.o (__sf)
C:/ST/STM32CubeIDE_1.19.0/STM32CubeIDE/plugins/com.st.stm32cube.ide.mcu.externaltools.gnu-tools-for-stm32.13.3.rel1.win32_1.0.0.202411081344/tools/bin/../lib/gcc/arm-none-eabi/13.3.1/../../../../arm-none-eabi/lib/thumb/v7e-m+fp/hard\libc_nano.a(libc_a-fwalk.o)
                              C:/ST/STM32CubeIDE_1.19.0/STM32CubeIDE/plugins/com.st.stm32cube.ide.mcu.externaltools.gnu-tools-for-stm32.13.3.rel1.win32_1.0.0.202411081344/tools/bin/../lib/gcc/arm-none-eabi/13.3.1/../../../../arm-none-eabi/lib/thumb/v7e-m+fp/hard\libc_nano.a(libc_a-findfp.o) (_fwalk_sglue)
C:/ST/STM32CubeIDE_1.19.0/STM32CubeIDE/plugins/com.st.stm32cube.ide.mcu.externaltools.gnu-tools-for-stm32.13.3.rel1.win32_1.0.0.202411081344/tools/bin/../lib/gcc/arm-none-eabi/13.3.1/../../../../arm-none-eabi/lib/thumb/v7e-m+fp/hard\libc_nano.a(libc_a-sprintf.o)
                              ./Core/Src/freertos.o (sprintf)
C:/ST/STM32CubeIDE_1.19.0/STM32CubeIDE/plugins/com.st.stm32cube.ide.mcu.externaltools.gnu-tools-for-stm32.13.3.rel1.win32_1.0.0.202411081344/tools/bin/../lib/gcc/arm-none-eabi/13.3.1/../../../../arm-none-eabi/lib/thumb/v7e-m+fp/hard\libc_nano.a(libc_a-stdio.o)
                              C:/ST/STM32CubeIDE_1.19.0/STM32CubeIDE/plugins/com.st.stm32cube.ide.mcu.externaltools.gnu-tools-for-stm32.13.3.rel1.win32_1.0.0.202411081344/tools/bin/../lib/gcc/arm-none-eabi/13.3.1/../../../../arm-none-eabi/lib/thumb/v7e-m+fp/hard\libc_nano.a(libc_a-findfp.o) (__sread)
C:/ST/STM32CubeIDE_1.19.0/STM32CubeIDE/plugins/com.st.stm32cube.ide.mcu.externaltools.gnu-tools-for-stm32.13.3.rel1.win32_1.0.0.202411081344/tools/bin/../lib/gcc/arm-none-eabi/13.3.1/../../../../arm-none-eabi/lib/thumb/v7e-m+fp/hard\libc_nano.a(libc_a-memset.o)
                              C:/ST/STM32CubeIDE_1.19.0/STM32CubeIDE/plugins/com.st.stm32cube.ide.mcu.externaltools.gnu-tools-for-stm32.13.3.rel1.win32_1.0.0.202411081344/tools/bin/../lib/gcc/arm-none-eabi/13.3.1/../../../../arm-none-eabi/lib/thumb/v7e-m+fp/hard/crt0.o (memset)
C:/ST/STM32CubeIDE_1.19.0/STM32CubeIDE/plugins/com.st.stm32cube.ide.mcu.externaltools.gnu-tools-for-stm32.13.3.rel1.win32_1.0.0.202411081344/tools/bin/../lib/gcc/arm-none-eabi/13.3.1/../../../../arm-none-eabi/lib/thumb/v7e-m+fp/hard\libc_nano.a(libc_a-closer.o)
                              C:/ST/STM32CubeIDE_1.19.0/STM32CubeIDE/plugins/com.st.stm32cube.ide.mcu.externaltools.gnu-tools-for-stm32.13.3.rel1.win32_1.0.0.202411081344/tools/bin/../lib/gcc/arm-none-eabi/13.3.1/../../../../arm-none-eabi/lib/thumb/v7e-m+fp/hard\libc_nano.a(libc_a-stdio.o) (_close_r)
C:/ST/STM32CubeIDE_1.19.0/STM32CubeIDE/plugins/com.st.stm32cube.ide.mcu.externaltools.gnu-tools-for-stm32.13.3.rel1.win32_1.0.0.202411081344/tools/bin/../lib/gcc/arm-none-eabi/13.3.1/../../../../arm-none-eabi/lib/thumb/v7e-m+fp/hard\libc_nano.a(libc_a-reent.o)
                              ./Middlewares/Third_Party/FreeRTOS/Source/tasks.o (_reclaim_reent)
C:/ST/STM32CubeIDE_1.19.0/STM32CubeIDE/plugins/com.st.stm32cube.ide.mcu.externaltools.gnu-tools-for-stm32.13.3.rel1.win32_1.0.0.202411081344/tools/bin/../lib/gcc/arm-none-eabi/13.3.1/../../../../arm-none-eabi/lib/thumb/v7e-m+fp/hard\libc_nano.a(libc_a-impure.o)
                              ./Middlewares/Third_Party/FreeRTOS/Source/tasks.o (_impure_ptr)
C:/ST/STM32CubeIDE_1.19.0/STM32CubeIDE/plugins/com.st.stm32cube.ide.mcu.externaltools.gnu-tools-for-stm32.13.3.rel1.win32_1.0.0.202411081344/tools/bin/../lib/gcc/arm-none-eabi/13.3.1/../../../../arm-none-eabi/lib/thumb/v7e-m+fp/hard\libc_nano.a(libc_a-lseekr.o)
                              C:/ST/STM32CubeIDE_1.19.0/STM32CubeIDE/plugins/com.st.stm32cube.ide.mcu.externaltools.gnu-tools-for-stm32.13.3.rel1.win32_1.0.0.202411081344/tools/bin/../lib/gcc/arm-none-eabi/13.3.1/../../../../arm-none-eabi/lib/thumb/v7e-m+fp/hard\libc_nano.a(libc_a-stdio.o) (_lseek_r)
[...]
Memory Configuration

Name             Origin             Length             Attributes
RAM              0x20000000         0x00020000         xrw
FLASH            0x08000000         0x00080000         xr
*default*        0x00000000         0xffffffff

Linker script and memory map

LOAD C:/ST/STM32CubeIDE_1.19.0/STM32CubeIDE/plugins/com.st.stm32cube.ide.mcu.externaltools.gnu-tools-for-stm32.13.3.rel1.win32_1.0.0.202411081344/tools/bin/../lib/gcc/arm-none-eabi/13.3.1/thumb/v7e-m+fp/hard/crti.o
LOAD C:/ST/STM32CubeIDE_1.19.0/STM32CubeIDE/plugins/com.st.stm32cube.ide.mcu.externaltools.gnu-tools-for-stm32.13.3.rel1.win32_1.0.0.202411081344/tools/bin/../lib/gcc/arm-none-eabi/13.3.1/thumb/v7e-m+fp/hard/crtbegin.o
LOAD C:/ST/STM32CubeIDE_1.19.0/STM32CubeIDE/plugins/com.st.stm32cube.ide.mcu.externaltools.gnu-tools-for-stm32.13.3.rel1.win32_1.0.0.202411081344/tools/bin/../lib/gcc/arm-none-eabi/13.3.1/../../../../arm-none-eabi/lib/thumb/v7e-m+fp/hard/crt0.o
LOAD ./Core/Src/freertos.o
LOAD ./Core/Src/iir_filter.o
LOAD ./Core/Src/main.o
LOAD ./Core/Src/motor_control.o
LOAD ./Core/Src/power_manager.o
LOAD ./Core/Src/power_monitor.o
LOAD ./Core/Src/safety_monitor.o
LOAD ./Core/Src/ssd1306.o
LOAD ./Core/Src/stm32f4xx_hal_msp.o
LOAD ./Core/Src/stm32f4xx_hal_timebase_tim.o
LOAD ./Core/Src/stm32f4xx_it.o
LOAD ./Core/Src/syscalls.o
LOAD ./Core/Src/sysmem.o
LOAD ./Core/Src/system_stm32f4xx.o
LOAD ./Core/Src/temperature_lut.o
LOAD ./Core/Startup/startup_stm32f446retx.o
LOAD ./Drivers/STM32F4xx_HAL_Driver/Src/stm32f4xx_hal.o
LOAD ./Drivers/STM32F4xx_HAL_Driver/Src/stm32f4xx_hal_adc.o
LOAD ./Drivers/STM32F4xx_HAL_Driver/Src/stm32f4xx_hal_adc_ex.o
LOAD ./Drivers/STM32F4xx_HAL_Driver/Src/stm32f4xx_hal_cortex.o
LOAD ./Drivers/STM32F4xx_HAL_Driver/Src/stm32f4xx_hal_dma.o
LOAD ./Drivers/STM32F4xx_HAL_Driver/Src/stm32f4xx_hal_dma_ex.o
LOAD ./Drivers/STM32F4xx_HAL_Driver/Src/stm32f4xx_hal_exti.o
LOAD ./Drivers/STM32F4xx_HAL_Driver/Src/stm32f4xx_hal_flash.o
LOAD ./Drivers/STM32F4xx_HAL_Driver/Src/stm32f4xx_hal_flash_ex.o
LOAD ./Drivers/STM32F4xx_HAL_Driver/Src/stm32f4xx_hal_flash_ramfunc.o
LOAD ./Drivers/STM32F4xx_HAL_Driver/Src/stm32f4xx_hal_gpio.o
LOAD ./Drivers/STM32F4xx_HAL_Driver/Src/stm32f4xx_hal_i2c.o
LOAD ./Drivers/STM32F4xx_HAL_Driver/Src/stm32f4xx_hal_i2c_ex.o
LOAD ./Drivers/STM32F4xx_HAL_Driver/Src/stm32f4xx_hal_pwr.o
LOAD ./Drivers/STM32F4xx_HAL_Driver/Src/stm32f4xx_hal_pwr_ex.o
LOAD ./Drivers/STM32F4xx_HAL_Driver/Src/stm32f4xx_hal_rcc.o
LOAD ./Drivers/STM32F4xx_HAL_Driver/Src/stm32f4xx_hal_rcc_ex.o
LOAD ./Drivers/STM32F4xx_HAL_Driver/Src/stm32f4xx_hal_tim.o
LOAD ./Drivers/STM32F4xx_HAL_Driver/Src/stm32f4xx_hal_tim_ex.o
LOAD ./Drivers/STM32F4xx_HAL_Driver/Src/stm32f4xx_hal_uart.o
LOAD ./Drivers/STM32F4xx_HAL_Driver/Src/stm32f4xx_ll_adc.o
LOAD ./Middlewares/Third_Party/FreeRTOS/Source/CMSIS_RTOS_V2/cmsis_os2.o
LOAD ./Middlewares/Third_Party/FreeRTOS/Source/croutine.o
LOAD ./Middlewares/Third_Party/FreeRTOS/Source/event_groups.o
LOAD ./Middlewares/Third_Party/FreeRTOS/Source/list.o
LOAD ./Middlewares/Third_Party/FreeRTOS/Source/queue.o
LOAD ./Middlewares/Third_Party/FreeRTOS/Source/stream_buffer.o
LOAD ./Middlewares/Third_Party/FreeRTOS/Source/tasks.o
LOAD ./Middlewares/Third_Party/FreeRTOS/Source/timers.o
LOAD ./Middlewares/Third_Party/FreeRTOS/Source/portable/GCC/ARM_CM4F/port.o
LOAD ./Middlewares/Third_Party/FreeRTOS/Source/portable/MemMang/heap_4.o
START GROUP
LOAD C:/ST/STM32CubeIDE_1.19.0/STM32CubeIDE/plugins/com.st.stm32cube.ide.mcu.externaltools.gnu-tools-for-stm32.13.3.rel1.win32_1.0.0.202411081344/tools/bin/../lib/gcc/arm-none-eabi/13.3.1/../../../../arm-none-eabi/lib/thumb/v7e-m+fp/hard\libc_nano.a
LOAD C:/ST/STM32CubeIDE_1.19.0/STM32CubeIDE/plugins/com.st.stm32cube.ide.mcu.externaltools.gnu-tools-for-stm32.13.3.rel1.win32_1.0.0.202411081344/tools/bin/../lib/gcc/arm-none-eabi/13.3.1/../../../../arm-none-eabi/lib/thumb/v7e-m+fp/hard\libm.a
END GROUP
START GROUP
LOAD C:/ST/STM32CubeIDE_1.19.0/STM32CubeIDE/plugins/com.st.stm32cube.ide.mcu.externaltools.gnu-tools-for-stm32.13.3.rel1.win32_1.0.0.202411081344/tools/bin/../lib/gcc/arm-none-eabi/13.3.1/thumb/v7e-m+fp/hard\libgcc.a
LOAD C:/ST/STM32CubeIDE_1.19.0/STM32CubeIDE/plugins/com.st.stm32cube.ide.mcu.externaltools.gnu-tools-for-stm32.13.3.rel1.win32_1.0.0.202411081344/tools/bin/../lib/gcc/arm-none-eabi/13.3.1/../../../../arm-none-eabi/lib/thumb/v7e-m+fp/hard\libc_nano.a
END GROUP
START GROUP
LOAD C:/ST/STM32CubeIDE_1.19.0/STM32CubeIDE/plugins/com.st.stm32cube.ide.mcu.externaltools.gnu-tools-for-stm32.13.3.rel1.win32_1.0.0.202411081344/tools/bin/../lib/gcc/arm-none-eabi/13.3.1/thumb/v7e-m+fp/hard\libgcc.a
LOAD C:/ST/STM32CubeIDE_1.19.0/STM32CubeIDE/plugins/com.st.stm32cube.ide.mcu.externaltools.gnu-tools-for-stm32.13.3.rel1.win32_1.0.0.202411081344/tools/bin/../lib/gcc/arm-none-eabi/13.3.1/../../../../arm-none-eabi/lib/thumb/v7e-m+fp/hard\libc_nano.a
LOAD C:/ST/STM32CubeIDE_1.19.0/STM32CubeIDE/plugins/com.st.stm32cube.ide.mcu.externaltools.gnu-tools-for-stm32.13.3.rel1.win32_1.0.0.202411081344/tools/bin/../lib/gcc/arm-none-eabi/13.3.1/../../../../arm-none-eabi/lib/thumb/v7e-m+fp/hard\libnosys.a
END GROUP
START GROUP
LOAD C:/ST/STM32CubeIDE_1.19.0/STM32CubeIDE/plugins/com.st.stm32cube.ide.mcu.externaltools.gnu-tools-for-stm32.13.3.rel1.win32_1.0.0.202411081344/tools/bin/../lib/gcc/arm-none-eabi/13.3.1/thumb/v7e-m+fp/hard\libgcc.a
LOAD C:/ST/STM32CubeIDE_1.19.0/STM32CubeIDE/plugins/com.st.stm32cube.ide.mcu.externaltools.gnu-tools-for-stm32.13.3.rel1.win32_1.0.0.202411081344/tools/bin/../lib/gcc/arm-none-eabi/13.3.1/../../../../arm-none-eabi/lib/thumb/v7e-m+fp/hard\libc_nano.a
LOAD C:/ST/STM32CubeIDE_1.19.0/STM32CubeIDE/plugins/com.st.stm32cube.ide.mcu.externaltools.gnu-tools-for-stm32.13.3.rel1.win32_1.0.0.202411081344/tools/bin/../lib/gcc/arm-none-eabi/13.3.1/../../../../arm-none-eabi/lib/thumb/v7e-m+fp/hard\libnosys.a
END GROUP
LOAD C:/ST/STM32CubeIDE_1.19.0/STM32CubeIDE/plugins/com.st.stm32cube.ide.mcu.externaltools.gnu-tools-for-stm32.13.3.rel1.win32_1.0.0.202411081344/tools/bin/../lib/gcc/arm-none-eabi/13.3.1/thumb/v7e-m+fp/hard/crtend.o
LOAD C:/ST/STM32CubeIDE_1.19.0/STM32CubeIDE/plugins/com.st.stm32cube.ide.mcu.externaltools.gnu-tools-for-stm32.13.3.rel1.win32_1.0.0.202411081344/tools/bin/../lib/gcc/arm-none-eabi/13.3.1/thumb/v7e-m+fp/hard/crtn.o
                0x20020000                        _estack = (ORIGIN (RAM) + LENGTH (RAM))
                0x00000200                        _Min_Heap_Size = 0x200
                0x00000400                        _Min_Stack_Size = 0x400

.isr_vector     0x08000000      0x1c4
                0x08000000                        . = ALIGN (0x4)
 *(.isr_vector)
 .isr_vector    0x08000000      0x1c4 ./Core/Startup/startup_stm32f446retx.o
                0x08000000                g_pfnVectors
                0x080001c4                        . = ALIGN (0x4)

.text           0x080001d0     0xb14c
                0x080001d0                        . = ALIGN (0x4)
 *(.text)
 .text          0x080001d0       0x40 C:/ST/STM32CubeIDE_1.19.0/STM32CubeIDE/plugins/com.st.stm32cube.ide.mcu.externaltools.gnu-tools-for-stm32.13.3.rel1.win32_1.0.0.202411081344/tools/bin/../lib/gcc/arm-none-eabi/13.3.1/thumb/v7e-m+fp/hard/crtbegin.o
 .text          0x08000210       0x10 C:/ST/STM32CubeIDE_1.19.0/STM32CubeIDE/plugins/com.st.stm32cube.ide.mcu.externaltools.gnu-tools-for-stm32.13.3.rel1.win32_1.0.0.202411081344/tools/bin/../lib/gcc/arm-none-eabi/13.3.1/../../../../arm-none-eabi/lib/thumb/v7e-m+fp/hard\libc_nano.a(libc_a-strlen.o)
                0x08000210                strlen
 .text          0x08000220       0xa0 C:/ST/STM32CubeIDE_1.19.0/STM32CubeIDE/plugins/com.st.stm32cube.ide.mcu.externaltools.gnu-tools-for-stm32.13.3.rel1.win32_1.0.0.202411081344/tools/bin/../lib/gcc/arm-none-eabi/13.3.1/../../../../arm-none-eabi/lib/thumb/v7e-m+fp/hard\libc_nano.a(libc_a-memchr.o)
                0x08000220                memchr
 .text          0x080002c0       0x30 C:/ST/STM32CubeIDE_1.19.0/STM32CubeIDE/plugins/com.st.stm32cube.ide.mcu.externaltools.gnu-tools-for-stm32.13.3.rel1.win32_1.0.0.202411081344/tools/bin/../lib/gcc/arm-none-eabi/13.3.1/thumb/v7e-m+fp/hard\libgcc.a(_aeabi_uldivmod.o)
                0x080002c0                __aeabi_uldivmod
 .text          0x080002f0      0x2f8 C:/ST/STM32CubeIDE_1.19.0/STM32CubeIDE/plugins/com.st.stm32cube.ide.mcu.externaltools.gnu-tools-for-stm32.13.3.rel1.win32_1.0.0.202411081344/tools/bin/../lib/gcc/arm-none-eabi/13.3.1/thumb/v7e-m+fp/hard\libgcc.a(_udivmoddi4.o)
                0x080002f0                __udivmoddi4
 .text          0x080005e8        0x4 C:/ST/STM32CubeIDE_1.19.0/STM32CubeIDE/plugins/com.st.stm32cube.ide.mcu.externaltools.gnu-tools-for-stm32.13.3.rel1.win32_1.0.0.202411081344/tools/bin/../lib/gcc/arm-none-eabi/13.3.1/thumb/v7e-m+fp/hard\libgcc.a(_dvmd_tls.o)
                0x080005e8                __aeabi_idiv0
                0x080005e8                __aeabi_ldiv0
 *(.text*)
 .text.reset_activity
                0x080005ec       0x18 ./Core/Src/freertos.o
 .text.TemperatureTask
                0x08000604       0x84 ./Core/Src/freertos.o
                0x08000604                TemperatureTask
 .text.PowerMonitorTask
                0x08000688       0xc0 ./Core/Src/freertos.o
                0x08000688                PowerMonitorTask
 .text.MotorControlTask
                0x08000748       0x24 ./Core/Src/freertos.o
                0x08000748                MotorControlTask
 .text.SafetySupervisorTask
                0x0800076c      0x1f4 ./Core/Src/freertos.o
                0x0800076c                SafetySupervisorTask
 .text.DisplayTask
                0x08000960      0x244 ./Core/Src/freertos.o
                0x08000960                DisplayTask
 .text.LoggingTask
                0x08000ba4      0x170 ./Core/Src/freertos.o
                0x08000ba4                LoggingTask
 .text.PowerManagerTask
                0x08000d14       0x34 ./Core/Src/freertos.o
                0x08000d14                PowerManagerTask
 .text.HAL_GPIO_EXTI_Callback
                0x08000d48       0x6c ./Core/Src/freertos.o
                0x08000d48                HAL_GPIO_EXTI_Callback
 .text.MX_FREERTOS_Init
                0x08000db4      0x268 ./Core/Src/freertos.o
                0x08000db4                MX_FREERTOS_Init
 .text.iir_filter_init
                0x0800101c       0x2c ./Core/Src/iir_filter.o
                0x0800101c                iir_filter_init
 .text.iir_filter_update
                0x08001048       0x70 ./Core/Src/iir_filter.o
                0x08001048                iir_filter_update
 .text.iir_filter_reset
                0x080010b8       0x2c ./Core/Src/iir_filter.o
                0x080010b8                iir_filter_reset
 .text.main     0x080010e4       0x4c ./Core/Src/main.o
                0x080010e4                main
 .text.SystemClock_Config
                0x08001130       0xc0 ./Core/Src/main.o
                0x08001130                SystemClock_Config
 .text.MX_ADC1_Init
                0x080011f0       0xa4 ./Core/Src/main.o
 .text.MX_I2C1_Init
                0x08001294       0x5c ./Core/Src/main.o
 .text.MX_TIM3_Init
                0x080012f0       0xec ./Core/Src/main.o
 .text.MX_USART2_UART_Init
                0x080013dc       0x54 ./Core/Src/main.o
 .text.MX_GPIO_Init
                0x08001430      0x164 ./Core/Src/main.o
 .text.StartDefaultTask
                0x08001594       0x12 ./Core/Src/main.o
                0x08001594                StartDefaultTask
 *fill*         0x080015a6        0x2 
 .text.HAL_TIM_PeriodElapsedCallback
                0x080015a8       0x24 ./Core/Src/main.o
                0x080015a8                HAL_TIM_PeriodElapsedCallback
 .text.Error_Handler
                0x080015cc        0xc ./Core/Src/main.o
                0x080015cc                Error_Handler
 .text.motor_init
                0x080015d8       0x18 ./Core/Src/motor_control.o
                0x080015d8                motor_init
 .text.motor_set_speed
                0x080015f0       0x88 ./Core/Src/motor_control.o
                0x080015f0                motor_set_speed
 .text.motor_forward
                0x08001678       0x20 ./Core/Src/motor_control.o
                0x08001678                motor_forward
 .text.motor_stop
                0x08001698       0x58 ./Core/Src/motor_control.o
                0x08001698                motor_stop
 .text.motor_emergency_stop
                0x080016f0       0x3c ./Core/Src/motor_control.o
                0x080016f0                motor_emergency_stop
 .text.motor_power_down
                0x0800172c       0x28 ./Core/Src/motor_control.o
                0x0800172c                motor_power_down
 .text.motor_power_up
                0x08001754       0x3c ./Core/Src/motor_control.o
                0x08001754                motor_power_up
 .text.reset_activity
                0x08001790       0x18 ./Core/Src/power_manager.o
 .text.is_system_idle
                0x080017a8       0x5c ./Core/Src/power_manager.o
 .text.power_manager_init
                0x08001804       0x64 ./Core/Src/power_manager.o
                0x08001804                power_manager_init
 .text.power_manager_enter_sleep
                0x08001868       0xb4 ./Core/Src/power_manager.o
                0x08001868                power_manager_enter_sleep
 .text.power_manager_exit_sleep
                0x0800191c       0xf0 ./Core/Src/power_manager.o
                0x0800191c                power_manager_exit_sleep
 .text.power_manager_should_sleep
                0x08001a0c       0x50 ./Core/Src/power_manager.o
                0x08001a0c                power_manager_should_sleep
 .text.i2c_bus_reset
                0x08001a5c       0xe4 ./Core/Src/power_monitor.o
                0x08001a5c                i2c_bus_reset
 .text.i2c_recover
                0x08001b40       0x1c ./Core/Src/power_monitor.o
 .text.write_reg
                0x08001b5c       0x58 ./Core/Src/power_monitor.o
 .text.read_reg
                0x08001bb4       0x58 ./Core/Src/power_monitor.o
 .text.ina219_init
                0x08001c0c       0x32 ./Core/Src/power_monitor.o
                0x08001c0c                ina219_init
 *fill*         0x08001c3e        0x2 
 .text.ina219_read_voltage
                0x08001c40       0x30 ./Core/Src/power_monitor.o
                0x08001c40                ina219_read_voltage
 .text.ina219_read_current
                0x08001c70       0x58 ./Core/Src/power_monitor.o
                0x08001c70                ina219_read_current
 .text.ina219_read_power
                0x08001cc8       0x22 ./Core/Src/power_monitor.o
                0x08001cc8                ina219_read_power
 .text.safety_init
                0x08001cea        0xc ./Core/Src/safety_monitor.o
                0x08001cea                safety_init
 *fill*         0x08001cf6        0x2 
 .text.safety_ir_detected
                0x08001cf8       0x20 ./Core/Src/safety_monitor.o
                0x08001cf8                safety_ir_detected
 .text.safety_flame_detected
                0x08001d18       0x20 ./Core/Src/safety_monitor.o
                0x08001d18                safety_flame_detected
 .text.safety_buzzer_alarm
                0x08001d38       0x20 ./Core/Src/safety_monitor.o
                0x08001d38                safety_buzzer_alarm
 .text.safety_buzzer_off
                0x08001d58       0x20 ./Core/Src/safety_monitor.o
                0x08001d58                safety_buzzer_off
 .text.ssd1306_write_cmd
                0x08001d78       0x3c ./Core/Src/ssd1306.o
 .text.ssd1306_init
                0x08001db4       0xc0 ./Core/Src/ssd1306.o
                0x08001db4                ssd1306_init
 .text.ssd1306_clear
                0x08001e74       0x2c ./Core/Src/ssd1306.o
                0x08001e74                ssd1306_clear
 .text.ssd1306_update
                0x08001ea0       0x98 ./Core/Src/ssd1306.o
                0x08001ea0                ssd1306_update
 .text.ssd1306_set_cursor
                0x08001f38       0x30 ./Core/Src/ssd1306.o
                0x08001f38                ssd1306_set_cursor
 .text.ssd1306_write_char
                0x08001f68       0xbc ./Core/Src/ssd1306.o
                0x08001f68                ssd1306_write_char
 .text.ssd1306_write_string
                0x08002024       0x2c ./Core/Src/ssd1306.o
                0x08002024                ssd1306_write_string
 .text.ssd1306_display_on
                0x08002050       0x1a ./Core/Src/ssd1306.o
                0x08002050                ssd1306_display_on
 .text.ssd1306_display_off
                0x0800206a       0x1a ./Core/Src/ssd1306.o
                0x0800206a                ssd1306_display_off
 .text.HAL_MspInit
                0x08002084       0x58 ./Core/Src/stm32f4xx_hal_msp.o
                0x08002084                HAL_MspInit
 .text.HAL_ADC_MspInit
                0x080020dc       0x88 ./Core/Src/stm32f4xx_hal_msp.o
                0x080020dc                HAL_ADC_MspInit
 .text.HAL_I2C_MspInit
                0x08002164       0x90 ./Core/Src/stm32f4xx_hal_msp.o
                0x08002164                HAL_I2C_MspInit
 .text.HAL_I2C_MspDeInit
                0x080021f4       0x48 ./Core/Src/stm32f4xx_hal_msp.o
                0x080021f4                HAL_I2C_MspDeInit
 .text.HAL_TIM_Base_MspInit
                0x0800223c       0x44 ./Core/Src/stm32f4xx_hal_msp.o
                0x0800223c                HAL_TIM_Base_MspInit
 .text.HAL_TIM_MspPostInit
                0x08002280       0x74 ./Core/Src/stm32f4xx_hal_msp.o
                0x08002280                HAL_TIM_MspPostInit
 .text.HAL_UART_MspInit
                0x080022f4       0x90 ./Core/Src/stm32f4xx_hal_msp.o
                0x080022f4                HAL_UART_MspInit
 .text.HAL_InitTick
                0x08002384       0xe4 ./Core/Src/stm32f4xx_hal_timebase_tim.o
                0x08002384                HAL_InitTick
 .text.NMI_Handler
                0x08002468        0x8 ./Core/Src/stm32f4xx_it.o
                0x08002468                NMI_Handler
 .text.HardFault_Handler
                0x08002470        0x8 ./Core/Src/stm32f4xx_it.o
                0x08002470                HardFault_Handler
 .text.MemManage_Handler
                0x08002478        0x8 ./Core/Src/stm32f4xx_it.o
                0x08002478                MemManage_Handler
 .text.BusFault_Handler
                0x08002480        0x8 ./Core/Src/stm32f4xx_it.o
                0x08002480                BusFault_Handler
 .text.UsageFault_Handler
                0x08002488        0x8 ./Core/Src/stm32f4xx_it.o
                0x08002488                UsageFault_Handler
 .text.DebugMon_Handler
                0x08002490        0xe ./Core/Src/stm32f4xx_it.o
                0x08002490                DebugMon_Handler
 .text.EXTI1_IRQHandler
                0x0800249e        0xe ./Core/Src/stm32f4xx_it.o
                0x0800249e                EXTI1_IRQHandler
 .text.TIM1_UP_TIM10_IRQHandler
                0x080024ac       0x14 ./Core/Src/stm32f4xx_it.o
                0x080024ac                TIM1_UP_TIM10_IRQHandler
 .text.EXTI15_10_IRQHandler
                0x080024c0       0x10 ./Core/Src/stm32f4xx_it.o
                0x080024c0                EXTI15_10_IRQHandler
 .text._sbrk    0x080024d0       0x6c ./Core/Src/sysmem.o
                0x080024d0                _sbrk
 .text.SystemInit
                0x0800253c       0x24 ./Core/Src/system_stm32f4xx.o
                0x0800253c                SystemInit
 .text.temp_adc_read_averaged
                0x08002560       0x5c ./Core/Src/temperature_lut.o
                0x08002560                temp_adc_read_averaged
 .text.temp_lut_interpolate
                0x080025bc       0xd4 ./Core/Src/temperature_lut.o
                0x080025bc                temp_lut_interpolate
 .text.Reset_Handler
                0x08002690       0x50 ./Core/Startup/startup_stm32f446retx.o
                0x08002690                Reset_Handler
 .text.Default_Handler
                0x080026e0        0x2 ./Core/Startup/startup_stm32f446retx.o
                0x080026e0                RTC_Alarm_IRQHandler
                0x080026e0                EXTI2_IRQHandler
                0x080026e0                TIM8_CC_IRQHandler
                0x080026e0                FMPI2C1_EV_IRQHandler
                0x080026e0                SPI4_IRQHandler
                0x080026e0                TIM1_CC_IRQHandler
                0x080026e0                DMA2_Stream5_IRQHandler
                0x080026e0                DMA1_Stream5_IRQHandler
                0x080026e0                PVD_IRQHandler
                0x080026e0                SDIO_IRQHandler
                0x080026e0                TAMP_STAMP_IRQHandler
                0x080026e0                CAN2_RX1_IRQHandler
                0x080026e0                EXTI3_IRQHandler
                0x080026e0                TIM8_TRG_COM_TIM14_IRQHandler
                0x080026e0                TIM8_UP_TIM13_IRQHandler
                0x080026e0                I2C3_ER_IRQHandler
                0x080026e0                EXTI0_IRQHandler
                0x080026e0                I2C2_EV_IRQHandler
                0x080026e0                DMA1_Stream2_IRQHandler
                0x080026e0                CAN1_RX0_IRQHandler
                0x080026e0                FPU_IRQHandler
                0x080026e0                OTG_HS_WKUP_IRQHandler
                0x080026e0                CAN2_SCE_IRQHandler
                0x080026e0                DMA2_Stream2_IRQHandler
                0x080026e0                SPI1_IRQHandler
                0x080026e0                TIM6_DAC_IRQHandler
                0x080026e0                TIM1_BRK_TIM9_IRQHandler
                0x080026e0                DCMI_IRQHandler
                0x080026e0                CAN2_RX0_IRQHandler
                0x080026e0                DMA2_Stream3_IRQHandler
                0x080026e0                SAI2_IRQHandler
                0x080026e0                USART6_IRQHandler
                0x080026e0                USART3_IRQHandler
                0x080026e0                CAN1_RX1_IRQHandler
                0x080026e0                UART5_IRQHandler
                0x080026e0                DMA2_Stream0_IRQHandler
                0x080026e0                TIM4_IRQHandler
                0x080026e0                QUADSPI_IRQHandler
                0x080026e0                I2C1_EV_IRQHandler
                0x080026e0                DMA1_Stream6_IRQHandler
                0x080026e0                DMA1_Stream1_IRQHandler
                0x080026e0                UART4_IRQHandler
                0x080026e0                TIM3_IRQHandler
                0x080026e0                RCC_IRQHandler
                0x080026e0                TIM8_BRK_TIM12_IRQHandler
                0x080026e0                Default_Handler
                0x080026e0                CEC_IRQHandler
                0x080026e0                ADC_IRQHandler
                0x080026e0                DMA1_Stream7_IRQHandler
                0x080026e0                TIM7_IRQHandler
                0x080026e0                CAN2_TX_IRQHandler
                0x080026e0                TIM5_IRQHandler
                0x080026e0                DMA2_Stream7_IRQHandler
                0x080026e0                I2C3_EV_IRQHandler
                0x080026e0                EXTI9_5_IRQHandler
                0x080026e0                RTC_WKUP_IRQHandler
                0x080026e0                SPDIF_RX_IRQHandler
                0x080026e0                SPI2_IRQHandler
                0x080026e0                OTG_HS_EP1_IN_IRQHandler
                0x080026e0                DMA1_Stream0_IRQHandler
                0x080026e0                CAN1_TX_IRQHandler
                0x080026e0                FMPI2C1_ER_IRQHandler
                0x080026e0                EXTI4_IRQHandler
                0x080026e0                OTG_HS_EP1_OUT_IRQHandler
                0x080026e0                WWDG_IRQHandler
                0x080026e0                TIM2_IRQHandler
                0x080026e0                OTG_FS_WKUP_IRQHandler
                0x080026e0                TIM1_TRG_COM_TIM11_IRQHandler
                0x080026e0                OTG_HS_IRQHandler
                0x080026e0                USART2_IRQHandler
                0x080026e0                I2C2_ER_IRQHandler
                0x080026e0                DMA2_Stream1_IRQHandler
                0x080026e0                CAN1_SCE_IRQHandler
                0x080026e0                FLASH_IRQHandler
                0x080026e0                DMA2_Stream4_IRQHandler
                0x080026e0                USART1_IRQHandler
                0x080026e0                OTG_FS_IRQHandler
                0x080026e0                SPI3_IRQHandler
                0x080026e0                DMA1_Stream4_IRQHandler
                0x080026e0                I2C1_ER_IRQHandler
                0x080026e0                FMC_IRQHandler
                0x080026e0                DMA2_Stream6_IRQHandler
                0x080026e0                SAI1_IRQHandler
                0x080026e0                DMA1_Stream3_IRQHandler
 *fill*         0x080026e2        0x2 
 .text.HAL_Init
                0x080026e4       0x44 ./Drivers/STM32F4xx_HAL_Driver/Src/stm32f4xx_hal.o
                0x080026e4                HAL_Init
 .text.HAL_IncTick
                0x08002728       0x28 ./Drivers/STM32F4xx_HAL_Driver/Src/stm32f4xx_hal.o
                0x08002728                HAL_IncTick
 .text.HAL_GetTick
                0x08002750       0x18 ./Drivers/STM32F4xx_HAL_Driver/Src/stm32f4xx_hal.o
                0x08002750                HAL_GetTick
 .text.HAL_Delay
                0x08002768       0x48 ./Drivers/STM32F4xx_HAL_Driver/Src/stm32f4xx_hal.o
                0x08002768                HAL_Delay
 .text.HAL_ADC_Init
                0x080027b0       0x86 ./Drivers/STM32F4xx_HAL_Driver/Src/stm32f4xx_hal_adc.o
                0x080027b0                HAL_ADC_Init
 *fill*         0x08002836        0x2 
 .text.HAL_ADC_Start
                0x08002838      0x1a4 ./Drivers/STM32F4xx_HAL_Driver/Src/stm32f4xx_hal_adc.o
                0x08002838                HAL_ADC_Start
 .text.HAL_ADC_Stop
                0x080029dc       0x66 ./Drivers/STM32F4xx_HAL_Driver/Src/stm32f4xx_hal_adc.o
                0x080029dc                HAL_ADC_Stop
 .text.HAL_ADC_PollForConversion
                0x08002a42      0x116 ./Drivers/STM32F4xx_HAL_Driver/Src/stm32f4xx_hal_adc.o
                0x08002a42                HAL_ADC_PollForConversion
 .text.HAL_ADC_GetValue
                0x08002b58       0x1a ./Drivers/STM32F4xx_HAL_Driver/Src/stm32f4xx_hal_adc.o
                0x08002b58                HAL_ADC_GetValue
 *fill*         0x08002b72        0x2 
 .text.HAL_ADC_ConfigChannel
                0x08002b74      0x264 ./Drivers/STM32F4xx_HAL_Driver/Src/stm32f4xx_hal_adc.o
                0x08002b74                HAL_ADC_ConfigChannel
 .text.ADC_Init
                0x08002dd8      0x1f8 ./Drivers/STM32F4xx_HAL_Driver/Src/stm32f4xx_hal_adc.o
 .text.__NVIC_SetPriorityGrouping
                0x08002fd0       0x48 ./Drivers/STM32F4xx_HAL_Driver/Src/stm32f4xx_hal_cortex.o
 .text.__NVIC_GetPriorityGrouping
                0x08003018       0x1c ./Drivers/STM32F4xx_HAL_Driver/Src/stm32f4xx_hal_cortex.o
 .text.__NVIC_EnableIRQ
                0x08003034       0x3c ./Drivers/STM32F4xx_HAL_Driver/Src/stm32f4xx_hal_cortex.o
 .text.__NVIC_SetPriority
                0x08003070       0x54 ./Drivers/STM32F4xx_HAL_Driver/Src/stm32f4xx_hal_cortex.o
 .text.NVIC_EncodePriority
                0x080030c4       0x66 ./Drivers/STM32F4xx_HAL_Driver/Src/stm32f4xx_hal_cortex.o
 .text.HAL_NVIC_SetPriorityGrouping
                0x0800312a       0x16 ./Drivers/STM32F4xx_HAL_Driver/Src/stm32f4xx_hal_cortex.o
                0x0800312a                HAL_NVIC_SetPriorityGrouping
 .text.HAL_NVIC_SetPriority
                0x08003140       0x38 ./Drivers/STM32F4xx_HAL_Driver/Src/stm32f4xx_hal_cortex.o
                0x08003140                HAL_NVIC_SetPriority
 .text.HAL_NVIC_EnableIRQ
                0x08003178       0x1c ./Drivers/STM32F4xx_HAL_Driver/Src/stm32f4xx_hal_cortex.o
                0x08003178                HAL_NVIC_EnableIRQ
 .text.HAL_GPIO_Init
                0x08003194      0x328 ./Drivers/STM32F4xx_HAL_Driver/Src/stm32f4xx_hal_gpio.o
                0x08003194                HAL_GPIO_Init
 .text.HAL_GPIO_DeInit
                0x080034bc      0x1e8 ./Drivers/STM32F4xx_HAL_Driver/Src/stm32f4xx_hal_gpio.o
                0x080034bc                HAL_GPIO_DeInit
 .text.HAL_GPIO_ReadPin
                0x080036a4       0x30 ./Drivers/STM32F4xx_HAL_Driver/Src/stm32f4xx_hal_gpio.o
                0x080036a4                HAL_GPIO_ReadPin
 .text.HAL_GPIO_WritePin
                0x080036d4       0x32 ./Drivers/STM32F4xx_HAL_Driver/Src/stm32f4xx_hal_gpio.o
                0x080036d4                HAL_GPIO_WritePin
 *fill*         0x08003706        0x2 
 .text.HAL_GPIO_EXTI_IRQHandler
                0x08003708       0x30 ./Drivers/STM32F4xx_HAL_Driver/Src/stm32f4xx_hal_gpio.o
                0x08003708                HAL_GPIO_EXTI_IRQHandler
 .text.HAL_I2C_Init
                0x08003738      0x288 ./Drivers/STM32F4xx_HAL_Driver/Src/stm32f4xx_hal_i2c.o
                0x08003738                HAL_I2C_Init
 .text.HAL_I2C_DeInit
                0x080039c0       0x5e ./Drivers/STM32F4xx_HAL_Driver/Src/stm32f4xx_hal_i2c.o
                0x080039c0                HAL_I2C_DeInit
 *fill*         0x08003a1e        0x2 
 .text.HAL_I2C_Master_Transmit
                0x08003a20      0x1fc ./Drivers/STM32F4xx_HAL_Driver/Src/stm32f4xx_hal_i2c.o
                0x08003a20                HAL_I2C_Master_Transmit
 .text.HAL_I2C_Mem_Write
                0x08003c1c      0x1f4 ./Drivers/STM32F4xx_HAL_Driver/Src/stm32f4xx_hal_i2c.o
                0x08003c1c                HAL_I2C_Mem_Write
 .text.HAL_I2C_Mem_Read
                0x08003e10      0x464 ./Drivers/STM32F4xx_HAL_Driver/Src/stm32f4xx_hal_i2c.o
                0x08003e10                HAL_I2C_Mem_Read
 .text.HAL_I2C_GetState
                0x08004274       0x1c ./Drivers/STM32F4xx_HAL_Driver/Src/stm32f4xx_hal_i2c.o
                0x08004274                HAL_I2C_GetState
 .text.I2C_MasterRequestWrite
                0x08004290      0x104 ./Drivers/STM32F4xx_HAL_Driver/Src/stm32f4xx_hal_i2c.o
 .text.I2C_RequestMemoryWrite
                0x08004394      0x12c ./Drivers/STM32F4xx_HAL_Driver/Src/stm32f4xx_hal_i2c.o
 .text.I2C_RequestMemoryRead
                0x080044c0      0x1d0 ./Drivers/STM32F4xx_HAL_Driver/Src/stm32f4xx_hal_i2c.o
 .text.I2C_WaitOnFlagUntilTimeout
                0x08004690       0xf4 ./Drivers/STM32F4xx_HAL_Driver/Src/stm32f4xx_hal_i2c.o
 .text.I2C_WaitOnMasterAddressFlagUntilTimeout
                0x08004784      0x140 ./Drivers/STM32F4xx_HAL_Driver/Src/stm32f4xx_hal_i2c.o
 .text.I2C_WaitOnTXEFlagUntilTimeout
                0x080048c4       0x90 ./Drivers/STM32F4xx_HAL_Driver/Src/stm32f4xx_hal_i2c.o
 .text.I2C_WaitOnBTFFlagUntilTimeout
                0x08004954       0x90 ./Drivers/STM32F4xx_HAL_Driver/Src/stm32f4xx_hal_i2c.o
 .text.I2C_WaitOnRXNEFlagUntilTimeout
                0x080049e4       0xba ./Drivers/STM32F4xx_HAL_Driver/Src/stm32f4xx_hal_i2c.o
 .text.I2C_IsAcknowledgeFailed
                0x08004a9e       0x5e ./Drivers/STM32F4xx_HAL_Driver/Src/stm32f4xx_hal_i2c.o
 .text.HAL_PWR_DisableSleepOnExit
                0x08004afc       0x20 ./Drivers/STM32F4xx_HAL_Driver/Src/stm32f4xx_hal_pwr.o
                0x08004afc                HAL_PWR_DisableSleepOnExit
 .text.HAL_RCC_ClockConfig
                0x08004b1c      0x1cc ./Drivers/STM32F4xx_HAL_Driver/Src/stm32f4xx_hal_rcc.o
                0x08004b1c                HAL_RCC_ClockConfig
 .text.HAL_RCC_GetHCLKFreq
                0x08004ce8       0x18 ./Drivers/STM32F4xx_HAL_Driver/Src/stm32f4xx_hal_rcc.o
                0x08004ce8                HAL_RCC_GetHCLKFreq
 .text.HAL_RCC_GetPCLK1Freq
                0x08004d00       0x28 ./Drivers/STM32F4xx_HAL_Driver/Src/stm32f4xx_hal_rcc.o
                0x08004d00                HAL_RCC_GetPCLK1Freq
 .text.HAL_RCC_GetPCLK2Freq
                0x08004d28       0x28 ./Drivers/STM32F4xx_HAL_Driver/Src/stm32f4xx_hal_rcc.o
                0x08004d28                HAL_RCC_GetPCLK2Freq
 .text.HAL_RCC_GetClockConfig
                0x08004d50       0x64 ./Drivers/STM32F4xx_HAL_Driver/Src/stm32f4xx_hal_rcc.o
                0x08004d50                HAL_RCC_GetClockConfig
 .text.HAL_RCC_GetSysClockFreq
                0x08004db4      0x354 ./Drivers/STM32F4xx_HAL_Driver/Src/stm32f4xx_hal_rcc_ex.o
                0x08004db4                HAL_RCC_GetSysClockFreq
 .text.HAL_RCC_OscConfig
                0x08005108      0x53c ./Drivers/STM32F4xx_HAL_Driver/Src/stm32f4xx_hal_rcc_ex.o
                0x08005108                HAL_RCC_OscConfig
 .text.HAL_TIM_Base_Init
                0x08005644       0x9e ./Drivers/STM32F4xx_HAL_Driver/Src/stm32f4xx_hal_tim.o
                0x08005644                HAL_TIM_Base_Init
 *fill*         0x080056e2        0x2 
 .text.HAL_TIM_Base_Start_IT
                0x080056e4       0xe0 ./Drivers/STM32F4xx_HAL_Driver/Src/stm32f4xx_hal_tim.o
                0x080056e4                HAL_TIM_Base_Start_IT
 .text.HAL_TIM_PWM_Init
                0x080057c4       0x9e ./Drivers/STM32F4xx_HAL_Driver/Src/stm32f4xx_hal_tim.o
                0x080057c4                HAL_TIM_PWM_Init
 .text.HAL_TIM_PWM_MspInit
                0x08005862       0x14 ./Drivers/STM32F4xx_HAL_Driver/Src/stm32f4xx_hal_tim.o
                0x08005862                HAL_TIM_PWM_MspInit
 *fill*         0x08005876        0x2 
 .text.HAL_TIM_PWM_Start
                0x08005878      0x190 ./Drivers/STM32F4xx_HAL_Driver/Src/stm32f4xx_hal_tim.o
                0x08005878                HAL_TIM_PWM_Start
 .text.HAL_TIM_PWM_Stop
                0x08005a08       0xe0 ./Drivers/STM32F4xx_HAL_Driver/Src/stm32f4xx_hal_tim.o
                0x08005a08                HAL_TIM_PWM_Stop
 .text.HAL_TIM_IRQHandler
                0x08005ae8      0x1e0 ./Drivers/STM32F4xx_HAL_Driver/Src/stm32f4xx_hal_tim.o
                0x08005ae8                HAL_TIM_IRQHandler
 .text.HAL_TIM_PWM_ConfigChannel
                0x08005cc8      0x184 ./Drivers/STM32F4xx_HAL_Driver/Src/stm32f4xx_hal_tim.o
                0x08005cc8                HAL_TIM_PWM_ConfigChannel
 .text.HAL_TIM_ConfigClockSource
                0x08005e4c      0x18e ./Drivers/STM32F4xx_HAL_Driver/Src/stm32f4xx_hal_tim.o
                0x08005e4c                HAL_TIM_ConfigClockSource
 .text.HAL_TIM_OC_DelayElapsedCallback
                0x08005fda       0x14 ./Drivers/STM32F4xx_HAL_Driver/Src/stm32f4xx_hal_tim.o
                0x08005fda                HAL_TIM_OC_DelayElapsedCallback
 .text.HAL_TIM_IC_CaptureCallback
                0x08005fee       0x14 ./Drivers/STM32F4xx_HAL_Driver/Src/stm32f4xx_hal_tim.o
                0x08005fee                HAL_TIM_IC_CaptureCallback
 .text.HAL_TIM_PWM_PulseFinishedCallback
                0x08006002       0x14 ./Drivers/STM32F4xx_HAL_Driver/Src/stm32f4xx_hal_tim.o
                0x08006002                HAL_TIM_PWM_PulseFinishedCallback
 .text.HAL_TIM_TriggerCallback
                0x08006016       0x14 ./Drivers/STM32F4xx_HAL_Driver/Src/stm32f4xx_hal_tim.o
                0x08006016                HAL_TIM_TriggerCallback
 *fill*         0x0800602a        0x2 
 .text.TIM_Base_SetConfig
                0x0800602c      0x14c ./Drivers/STM32F4xx_HAL_Driver/Src/stm32f4xx_hal_tim.o
                0x0800602c                TIM_Base_SetConfig
 .text.TIM_OC1_SetConfig
                0x08006178       0xe0 ./Drivers/STM32F4xx_HAL_Driver/Src/stm32f4xx_hal_tim.o
 .text.TIM_OC2_SetConfig
                0x08006258       0xec ./Drivers/STM32F4xx_HAL_Driver/Src/stm32f4xx_hal_tim.o
                0x08006258                TIM_OC2_SetConfig
 .text.TIM_OC3_SetConfig
                0x08006344       0xe8 ./Drivers/STM32F4xx_HAL_Driver/Src/stm32f4xx_hal_tim.o
 .text.TIM_OC4_SetConfig
                0x0800642c       0xac ./Drivers/STM32F4xx_HAL_Driver/Src/stm32f4xx_hal_tim.o
 .text.TIM_TI1_ConfigInputStage
                0x080064d8       0x5e ./Drivers/STM32F4xx_HAL_Driver/Src/stm32f4xx_hal_tim.o
 .text.TIM_TI2_ConfigInputStage
                0x08006536       0x60 ./Drivers/STM32F4xx_HAL_Driver/Src/stm32f4xx_hal_tim.o
 .text.TIM_ITRx_SetConfig
                0x08006596       0x36 ./Drivers/STM32F4xx_HAL_Driver/Src/stm32f4xx_hal_tim.o
 .text.TIM_ETR_SetConfig
                0x080065cc       0x40 ./Drivers/STM32F4xx_HAL_Driver/Src/stm32f4xx_hal_tim.o
                0x080065cc                TIM_ETR_SetConfig
 .text.TIM_CCxChannelCmd
                0x0800660c       0x4a ./Drivers/STM32F4xx_HAL_Driver/Src/stm32f4xx_hal_tim.o
                0x0800660c                TIM_CCxChannelCmd
 *fill*         0x08006656        0x2 
 .text.HAL_TIMEx_MasterConfigSynchronization
                0x08006658       0xf8 ./Drivers/STM32F4xx_HAL_Driver/Src/stm32f4xx_hal_tim_ex.o
                0x08006658                HAL_TIMEx_MasterConfigSynchronization
 .text.HAL_TIMEx_CommutCallback
                0x08006750       0x14 ./Drivers/STM32F4xx_HAL_Driver/Src/stm32f4xx_hal_tim_ex.o
                0x08006750                HAL_TIMEx_CommutCallback
 .text.HAL_TIMEx_BreakCallback
                0x08006764       0x14 ./Drivers/STM32F4xx_HAL_Driver/Src/stm32f4xx_hal_tim_ex.o
                0x08006764                HAL_TIMEx_BreakCallback
 .text.HAL_UART_Init
                0x08006778       0xa0 ./Drivers/STM32F4xx_HAL_Driver/Src/stm32f4xx_hal_uart.o
                0x08006778                HAL_UART_Init
 .text.HAL_UART_Transmit
                0x08006818      0x116 ./Drivers/STM32F4xx_HAL_Driver/Src/stm32f4xx_hal_uart.o
                0x08006818                HAL_UART_Transmit
 .text.UART_WaitOnFlagUntilTimeout
                0x0800692e       0xb2 ./Drivers/STM32F4xx_HAL_Driver/Src/stm32f4xx_hal_uart.o
 .text.UART_EndRxTransfer
                0x080069e0       0xc6 ./Drivers/STM32F4xx_HAL_Driver/Src/stm32f4xx_hal_uart.o
 *fill*         0x08006aa6        0x2 
 .text.UART_SetConfig
                0x08006aa8      0x4e8 ./Drivers/STM32F4xx_HAL_Driver/Src/stm32f4xx_hal_uart.o
 .text.__NVIC_SetPriority
                0x08006f90       0x54 ./Middlewares/Third_Party/FreeRTOS/Source/CMSIS_RTOS_V2/cmsis_os2.o
 .text.SysTick_Handler
                0x08006fe4       0x20 ./Middlewares/Third_Party/FreeRTOS/Source/CMSIS_RTOS_V2/cmsis_os2.o
                0x08006fe4                SysTick_Handler
 .text.SVC_Setup
                0x08007004       0x12 ./Middlewares/Third_Party/FreeRTOS/Source/CMSIS_RTOS_V2/cmsis_os2.o
 *fill*         0x08007016        0x2 
 .text.osKernelInitialize
                0x08007018       0x48 ./Middlewares/Third_Party/FreeRTOS/Source/CMSIS_RTOS_V2/cmsis_os2.o
                0x08007018                osKernelInitialize
 .text.osKernelStart
                0x08007060       0x4c ./Middlewares/Third_Party/FreeRTOS/Source/CMSIS_RTOS_V2/cmsis_os2.o
                0x08007060                osKernelStart
 .text.osThreadNew
                0x080070ac      0x124 ./Middlewares/Third_Party/FreeRTOS/Source/CMSIS_RTOS_V2/cmsis_os2.o
                0x080070ac                osThreadNew
 .text.osThreadSuspend
                0x080071d0       0x42 ./Middlewares/Third_Party/FreeRTOS/Source/CMSIS_RTOS_V2/cmsis_os2.o
                0x080071d0                osThreadSuspend
 .text.osThreadResume
                0x08007212       0x42 ./Middlewares/Third_Party/FreeRTOS/Source/CMSIS_RTOS_V2/cmsis_os2.o
                0x08007212                osThreadResume
 .text.osDelay  0x08007254       0x36 ./Middlewares/Third_Party/FreeRTOS/Source/CMSIS_RTOS_V2/cmsis_os2.o
                0x08007254                osDelay
 .text.osMutexNew
                0x0800728a      0x10c ./Middlewares/Third_Party/FreeRTOS/Source/CMSIS_RTOS_V2/cmsis_os2.o
                0x0800728a                osMutexNew
 .text.osMutexAcquire
                0x08007396       0x96 ./Middlewares/Third_Party/FreeRTOS/Source/CMSIS_RTOS_V2/cmsis_os2.o
                0x08007396                osMutexAcquire
 .text.osMutexRelease
                0x0800742c       0x7a ./Middlewares/Third_Party/FreeRTOS/Source/CMSIS_RTOS_V2/cmsis_os2.o
                0x0800742c                osMutexRelease
 *fill*         0x080074a6        0x2 
 .text.vApplicationGetIdleTaskMemory
                0x080074a8       0x34 ./Middlewares/Third_Party/FreeRTOS/Source/CMSIS_RTOS_V2/cmsis_os2.o
                0x080074a8                vApplicationGetIdleTaskMemory
 .text.vApplicationGetTimerTaskMemory
                0x080074dc       0x34 ./Middlewares/Third_Party/FreeRTOS/Source/CMSIS_RTOS_V2/cmsis_os2.o
                0x080074dc                vApplicationGetTimerTaskMemory
 .text.vListInitialise
                0x08007510       0x40 ./Middlewares/Third_Party/FreeRTOS/Source/list.o
                0x08007510                vListInitialise
 .text.vListInitialiseItem
                0x08007550       0x1a ./Middlewares/Third_Party/FreeRTOS/Source/list.o
                0x08007550                vListInitialiseItem
 .text.vListInsertEnd
                0x0800756a       0x48 ./Middlewares/Third_Party/FreeRTOS/Source/list.o
                0x0800756a                vListInsertEnd
 .text.vListInsert
                0x080075b2       0x72 ./Middlewares/Third_Party/FreeRTOS/Source/list.o
                0x080075b2                vListInsert
 .text.uxListRemove
                0x08007624       0x54 ./Middlewares/Third_Party/FreeRTOS/Source/list.o
                0x08007624                uxListRemove
 .text.xQueueGenericReset
                0x08007678       0xd4 ./Middlewares/Third_Party/FreeRTOS/Source/queue.o
                0x08007678                xQueueGenericReset
 .text.xQueueGenericCreateStatic
                0x0800774c       0xfa ./Middlewares/Third_Party/FreeRTOS/Source/queue.o
                0x0800774c                xQueueGenericCreateStatic
 .text.xQueueGenericCreate
                0x08007846       0x76 ./Middlewares/Third_Party/FreeRTOS/Source/queue.o
                0x08007846                xQueueGenericCreate
 .text.prvInitialiseNewQueue
                0x080078bc       0x46 ./Middlewares/Third_Party/FreeRTOS/Source/queue.o
 .text.prvInitialiseMutex
                0x08007902       0x34 ./Middlewares/Third_Party/FreeRTOS/Source/queue.o
 .text.xQueueCreateMutex
                0x08007936       0x30 ./Middlewares/Third_Party/FreeRTOS/Source/queue.o
                0x08007936                xQueueCreateMutex
 .text.xQueueCreateMutexStatic
                0x08007966       0x36 ./Middlewares/Third_Party/FreeRTOS/Source/queue.o
                0x08007966                xQueueCreateMutexStatic
 .text.xQueueGiveMutexRecursive
                0x0800799c       0x6a ./Middlewares/Third_Party/FreeRTOS/Source/queue.o
                0x0800799c                xQueueGiveMutexRecursive
 .text.xQueueTakeMutexRecursive
                0x08007a06       0x6e ./Middlewares/Third_Party/FreeRTOS/Source/queue.o
                0x08007a06                xQueueTakeMutexRecursive
 .text.xQueueGenericSend
                0x08007a74      0x204 ./Middlewares/Third_Party/FreeRTOS/Source/queue.o
                0x08007a74                xQueueGenericSend
 .text.xQueueGenericSendFromISR
                0x08007c78      0x13c ./Middlewares/Third_Party/FreeRTOS/Source/queue.o
                0x08007c78                xQueueGenericSendFromISR
 .text.xQueueReceive
                0x08007db4      0x1c4 ./Middlewares/Third_Party/FreeRTOS/Source/queue.o
                0x08007db4                xQueueReceive
 .text.xQueueSemaphoreTake
                0x08007f78      0x220 ./Middlewares/Third_Party/FreeRTOS/Source/queue.o
                0x08007f78                xQueueSemaphoreTake
 .text.prvGetDisinheritPriorityAfterTimeout
                0x08008198       0x30 ./Middlewares/Third_Party/FreeRTOS/Source/queue.o
 .text.prvCopyDataToQueue
                0x080081c8       0xd4 ./Middlewares/Third_Party/FreeRTOS/Source/queue.o
 .text.prvCopyDataFromQueue
                0x0800829c       0x4c ./Middlewares/Third_Party/FreeRTOS/Source/queue.o
 .text.prvUnlockQueue
                0x080082e8       0xa4 ./Middlewares/Third_Party/FreeRTOS/Source/queue.o
 .text.prvIsQueueEmpty
                0x0800838c       0x2c ./Middlewares/Third_Party/FreeRTOS/Source/queue.o
 .text.prvIsQueueFull
                0x080083b8       0x30 ./Middlewares/Third_Party/FreeRTOS/Source/queue.o
 .text.vQueueAddToRegistry
                0x080083e8       0x54 ./Middlewares/Third_Party/FreeRTOS/Source/queue.o
                0x080083e8                vQueueAddToRegistry
 .text.vQueueWaitForMessageRestricted
                0x0800843c       0x68 ./Middlewares/Third_Party/FreeRTOS/Source/queue.o
                0x0800843c                vQueueWaitForMessageRestricted
 .text.xTaskCreateStatic
                0x080084a4       0xc0 ./Middlewares/Third_Party/FreeRTOS/Source/tasks.o
                0x080084a4                xTaskCreateStatic
 .text.xTaskCreate
                0x08008564       0x8a ./Middlewares/Third_Party/FreeRTOS/Source/tasks.o
                0x08008564                xTaskCreate
 *fill*         0x080085ee        0x2 
 .text.prvInitialiseNewTask
                0x080085f0      0x150 ./Middlewares/Third_Party/FreeRTOS/Source/tasks.o
 .text.prvAddNewTaskToReadyList
                0x08008740       0xe0 ./Middlewares/Third_Party/FreeRTOS/Source/tasks.o
 .text.vTaskDelay
                0x08008820       0x6c ./Middlewares/Third_Party/FreeRTOS/Source/tasks.o
                0x08008820                vTaskDelay
 .text.vTaskSuspend
                0x0800888c       0xec ./Middlewares/Third_Party/FreeRTOS/Source/tasks.o
                0x0800888c                vTaskSuspend
 .text.prvTaskIsTaskSuspended
                0x08008978       0x64 ./Middlewares/Third_Party/FreeRTOS/Source/tasks.o
 .text.vTaskResume
                0x080089dc       0xc0 ./Middlewares/Third_Party/FreeRTOS/Source/tasks.o
                0x080089dc                vTaskResume
 .text.vTaskStartScheduler
                0x08008a9c       0xe0 ./Middlewares/Third_Party/FreeRTOS/Source/tasks.o
                0x08008a9c                vTaskStartScheduler
 .text.vTaskSuspendAll
                0x08008b7c       0x1c ./Middlewares/Third_Party/FreeRTOS/Source/tasks.o
                0x08008b7c                vTaskSuspendAll
 .text.xTaskResumeAll
                0x08008b98      0x13c ./Middlewares/Third_Party/FreeRTOS/Source/tasks.o
                0x08008b98                xTaskResumeAll
 .text.xTaskGetTickCount
                0x08008cd4       0x20 ./Middlewares/Third_Party/FreeRTOS/Source/tasks.o
                0x08008cd4                xTaskGetTickCount
 .text.xTaskIncrementTick
                0x08008cf4      0x174 ./Middlewares/Third_Party/FreeRTOS/Source/tasks.o
                0x08008cf4                xTaskIncrementTick
 .text.vTaskSwitchContext
                0x08008e68       0xcc ./Middlewares/Third_Party/FreeRTOS/Source/tasks.o
                0x08008e68                vTaskSwitchContext
 .text.vTaskPlaceOnEventList
                0x08008f34       0x4c ./Middlewares/Third_Party/FreeRTOS/Source/tasks.o
                0x08008f34                vTaskPlaceOnEventList
 .text.vTaskPlaceOnEventListRestricted
                0x08008f80       0x58 ./Middlewares/Third_Party/FreeRTOS/Source/tasks.o
                0x08008f80                vTaskPlaceOnEventListRestricted
 .text.xTaskRemoveFromEventList
                0x08008fd8       0xc8 ./Middlewares/Third_Party/FreeRTOS/Source/tasks.o
                0x08008fd8                xTaskRemoveFromEventList
 .text.vTaskInternalSetTimeOutState
                0x080090a0       0x2c ./Middlewares/Third_Party/FreeRTOS/Source/tasks.o
                0x080090a0                vTaskInternalSetTimeOutState
 .text.xTaskCheckForTimeOut
                0x080090cc       0xc8 ./Middlewares/Third_Party/FreeRTOS/Source/tasks.o
                0x080090cc                xTaskCheckForTimeOut
 .text.vTaskMissedYield
                0x08009194       0x18 ./Middlewares/Third_Party/FreeRTOS/Source/tasks.o
                0x08009194                vTaskMissedYield
 .text.prvIdleTask
                0x080091ac       0x30 ./Middlewares/Third_Party/FreeRTOS/Source/tasks.o
 .text.prvInitialiseTaskLists
                0x080091dc       0x80 ./Middlewares/Third_Party/FreeRTOS/Source/tasks.o
 .text.prvCheckTasksWaitingTermination
                0x0800925c       0x5c ./Middlewares/Third_Party/FreeRTOS/Source/tasks.o
 .text.prvDeleteTCB
                0x080092b8       0x6a ./Middlewares/Third_Party/FreeRTOS/Source/tasks.o
 *fill*         0x08009322        0x2 
 .text.prvResetNextTaskUnblockTime
                0x08009324       0x40 ./Middlewares/Third_Party/FreeRTOS/Source/tasks.o
 .text.xTaskGetCurrentTaskHandle
                0x08009364       0x20 ./Middlewares/Third_Party/FreeRTOS/Source/tasks.o
                0x08009364                xTaskGetCurrentTaskHandle
 .text.xTaskGetSchedulerState
                0x08009384       0x3c ./Middlewares/Third_Party/FreeRTOS/Source/tasks.o
                0x08009384                xTaskGetSchedulerState
 .text.xTaskPriorityInherit
                0x080093c0       0xd0 ./Middlewares/Third_Party/FreeRTOS/Source/tasks.o
                0x080093c0                xTaskPriorityInherit
 .text.xTaskPriorityDisinherit
                0x08009490       0xe0 ./Middlewares/Third_Party/FreeRTOS/Source/tasks.o
                0x08009490                xTaskPriorityDisinherit
 .text.vTaskPriorityDisinheritAfterTimeout
                0x08009570      0x108 ./Middlewares/Third_Party/FreeRTOS/Source/tasks.o
                0x08009570                vTaskPriorityDisinheritAfterTimeout
 .text.pvTaskIncrementMutexHeldCount
                0x08009678       0x28 ./Middlewares/Third_Party/FreeRTOS/Source/tasks.o
                0x08009678                pvTaskIncrementMutexHeldCount
 .text.xTaskNotifyWait
                0x080096a0       0xc0 ./Middlewares/Third_Party/FreeRTOS/Source/tasks.o
                0x080096a0                xTaskNotifyWait
 .text.xTaskGenericNotifyFromISR
                0x08009760      0x1cc ./Middlewares/Third_Party/FreeRTOS/Source/tasks.o
                0x08009760                xTaskGenericNotifyFromISR
 .text.prvAddCurrentTaskToDelayedList
                0x0800992c       0xa8 ./Middlewares/Third_Party/FreeRTOS/Source/tasks.o
 .text.xTimerCreateTimerTask
                0x080099d4       0x94 ./Middlewares/Third_Party/FreeRTOS/Source/timers.o
                0x080099d4                xTimerCreateTimerTask
 .text.xTimerGenericCommand
                0x08009a68       0x9c ./Middlewares/Third_Party/FreeRTOS/Source/timers.o
                0x08009a68                xTimerGenericCommand
 .text.prvProcessExpiredTimer
                0x08009b04       0x9c ./Middlewares/Third_Party/FreeRTOS/Source/timers.o
 .text.prvTimerTask
                0x08009ba0       0x26 ./Middlewares/Third_Party/FreeRTOS/Source/timers.o
 *fill*         0x08009bc6        0x2 
 .text.prvProcessTimerOrBlockTask
                0x08009bc8       0x9c ./Middlewares/Third_Party/FreeRTOS/Source/timers.o
 .text.prvGetNextExpireTime
                0x08009c64       0x48 ./Middlewares/Third_Party/FreeRTOS/Source/timers.o
 .text.prvSampleTimeNow
                0x08009cac       0x40 ./Middlewares/Third_Party/FreeRTOS/Source/timers.o
 .text.prvInsertTimerInActiveList
                0x08009cec       0x84 ./Middlewares/Third_Party/FreeRTOS/Source/timers.o
 .text.prvProcessReceivedCommands
                0x08009d70      0x1cc ./Middlewares/Third_Party/FreeRTOS/Source/timers.o
 .text.prvSwitchTimerLists
                0x08009f3c       0xcc ./Middlewares/Third_Party/FreeRTOS/Source/timers.o
 .text.prvCheckForValidListAndQueue
                0x0800a008       0x80 ./Middlewares/Third_Party/FreeRTOS/Source/timers.o
 .text.pxPortInitialiseStack
                0x0800a088       0x68 ./Middlewares/Third_Party/FreeRTOS/Source/portable/GCC/ARM_CM4F/port.o
                0x0800a088                pxPortInitialiseStack
 .text.prvTaskExitError
                0x0800a0f0       0x5c ./Middlewares/Third_Party/FreeRTOS/Source/portable/GCC/ARM_CM4F/port.o
 *fill*         0x0800a14c        0x4 
 .text.SVC_Handler
                0x0800a150       0x28 ./Middlewares/Third_Party/FreeRTOS/Source/portable/GCC/ARM_CM4F/port.o
                0x0800a150                SVC_Handler
 .text.prvPortStartFirstTask
                0x0800a178       0x28 ./Middlewares/Third_Party/FreeRTOS/Source/portable/GCC/ARM_CM4F/port.o
 .text.xPortStartScheduler
                0x0800a1a0      0x148 ./Middlewares/Third_Party/FreeRTOS/Source/portable/GCC/ARM_CM4F/port.o
                0x0800a1a0                xPortStartScheduler
 .text.vPortEnterCritical
                0x0800a2e8       0x64 ./Middlewares/Third_Party/FreeRTOS/Source/portable/GCC/ARM_CM4F/port.o
                0x0800a2e8                vPortEnterCritical
 .text.vPortExitCritical
                0x0800a34c       0x54 ./Middlewares/Third_Party/FreeRTOS/Source/portable/GCC/ARM_CM4F/port.o
                0x0800a34c                vPortExitCritical
 .text.PendSV_Handler
                0x0800a3a0       0x68 ./Middlewares/Third_Party/FreeRTOS/Source/portable/GCC/ARM_CM4F/port.o
                0x0800a3a0                PendSV_Handler
 .text.xPortSysTickHandler
                0x0800a408       0x44 ./Middlewares/Third_Party/FreeRTOS/Source/portable/GCC/ARM_CM4F/port.o
                0x0800a408                xPortSysTickHandler
 .text.vPortSetupTimerInterrupt
                0x0800a44c       0x48 ./Middlewares/Third_Party/FreeRTOS/Source/portable/GCC/ARM_CM4F/port.o
                0x0800a44c                vPortSetupTimerInterrupt
 .text.vPortEnableVFP
                0x0800a494       0x14 ./Middlewares/Third_Party/FreeRTOS/Source/portable/GCC/ARM_CM4F/port.o
 .text.vPortValidateInterruptPriority
                0x0800a4a8       0x84 ./Middlewares/Third_Party/FreeRTOS/Source/portable/GCC/ARM_CM4F/port.o
                0x0800a4a8                vPortValidateInterruptPriority
 .text.pvPortMalloc
                0x0800a52c      0x19c ./Middlewares/Third_Party/FreeRTOS/Source/portable/MemMang/heap_4.o
                0x0800a52c                pvPortMalloc
 .text.vPortFree
                0x0800a6c8       0xc8 ./Middlewares/Third_Party/FreeRTOS/Source/portable/MemMang/heap_4.o
                0x0800a6c8                vPortFree
 .text.prvHeapInit
                0x0800a790       0xc4 ./Middlewares/Third_Party/FreeRTOS/Source/portable/MemMang/heap_4.o
 .text.prvInsertBlockIntoFreeList
                0x0800a854       0xb4 ./Middlewares/Third_Party/FreeRTOS/Source/portable/MemMang/heap_4.o
 .text.sprintf  0x0800a908       0x44 C:/ST/STM32CubeIDE_1.19.0/STM32CubeIDE/plugins/com.st.stm32cube.ide.mcu.externaltools.gnu-tools-for-stm32.13.3.rel1.win32_1.0.0.202411081344/tools/bin/../lib/gcc/arm-none-eabi/13.3.1/../../../../arm-none-eabi/lib/thumb/v7e-m+fp/hard\libc_nano.a(libc_a-sprintf.o)
                0x0800a908                siprintf
                0x0800a908                sprintf
 .text.memset   0x0800a94c       0x10 C:/ST/STM32CubeIDE_1.19.0/STM32CubeIDE/plugins/com.st.stm32cube.ide.mcu.externaltools.gnu-tools-for-stm32.13.3.rel1.win32_1.0.0.202411081344/tools/bin/../lib/gcc/arm-none-eabi/13.3.1/../../../../arm-none-eabi/lib/thumb/v7e-m+fp/hard\libc_nano.a(libc_a-memset.o)
                0x0800a94c                memset
 .text._reclaim_reent
                0x0800a95c       0xbc C:/ST/STM32CubeIDE_1.19.0/STM32CubeIDE/plugins/com.st.stm32cube.ide.mcu.externaltools.gnu-tools-for-stm32.13.3.rel1.win32_1.0.0.202411081344/tools/bin/../lib/gcc/arm-none-eabi/13.3.1/../../../../arm-none-eabi/lib/thumb/v7e-m+fp/hard\libc_nano.a(libc_a-reent.o)
                0x0800a95c                _reclaim_reent
 .text.__errno  0x0800aa18        0xc C:/ST/STM32CubeIDE_1.19.0/STM32CubeIDE/plugins/com.st.stm32cube.ide.mcu.externaltools.gnu-tools-for-stm32.13.3.rel1.win32_1.0.0.202411081344/tools/bin/../lib/gcc/arm-none-eabi/13.3.1/../../../../arm-none-eabi/lib/thumb/v7e-m+fp/hard\libc_nano.a(libc_a-errno.o)
                0x0800aa18                __errno
 .text.__libc_init_array
                0x0800aa24       0x48 C:/ST/STM32CubeIDE_1.19.0/STM32CubeIDE/plugins/com.st.stm32cube.ide.mcu.externaltools.gnu-tools-for-stm32.13.3.rel1.win32_1.0.0.202411081344/tools/bin/../lib/gcc/arm-none-eabi/13.3.1/../../../../arm-none-eabi/lib/thumb/v7e-m+fp/hard\libc_nano.a(libc_a-init.o)
                0x0800aa24                __libc_init_array
 .text.__retarget_lock_acquire_recursive
                0x0800aa6c        0x2 C:/ST/STM32CubeIDE_1.19.0/STM32CubeIDE/plugins/com.st.stm32cube.ide.mcu.externaltools.gnu-tools-for-stm32.13.3.rel1.win32_1.0.0.202411081344/tools/bin/../lib/gcc/arm-none-eabi/13.3.1/../../../../arm-none-eabi/lib/thumb/v7e-m+fp/hard\libc_nano.a(libc_a-lock.o)
                0x0800aa6c                __retarget_lock_acquire_recursive
 .text.__retarget_lock_release_recursive
                0x0800aa6e        0x2 C:/ST/STM32CubeIDE_1.19.0/STM32CubeIDE/plugins/com.st.stm32cube.ide.mcu.externaltools.gnu-tools-for-stm32.13.3.rel1.win32_1.0.0.202411081344/tools/bin/../lib/gcc/arm-none-eabi/13.3.1/../../../../arm-none-eabi/lib/thumb/v7e-m+fp/hard\libc_nano.a(libc_a-lock.o)
                0x0800aa6e                __retarget_lock_release_recursive
 .text.memcpy   0x0800aa70       0x1c C:/ST/STM32CubeIDE_1.19.0/STM32CubeIDE/plugins/com.st.stm32cube.ide.mcu.externaltools.gnu-tools-for-stm32.13.3.rel1.win32_1.0.0.202411081344/tools/bin/../lib/gcc/arm-none-eabi/13.3.1/../../../../arm-none-eabi/lib/thumb/v7e-m+fp/hard\libc_nano.a(libc_a-memcpy-stub.o)
                0x0800aa70                memcpy
 .text._free_r  0x0800aa8c       0x94 C:/ST/STM32CubeIDE_1.19.0/STM32CubeIDE/plugins/com.st.stm32cube.ide.mcu.externaltools.gnu-tools-for-stm32.13.3.rel1.win32_1.0.0.202411081344/tools/bin/../lib/gcc/arm-none-eabi/13.3.1/../../../../arm-none-eabi/lib/thumb/v7e-m+fp/hard\libc_nano.a(libc_a-freer.o)
                0x0800aa8c                _free_r
 .text.sbrk_aligned
                0x0800ab20       0x44 C:/ST/STM32CubeIDE_1.19.0/STM32CubeIDE/plugins/com.st.stm32cube.ide.mcu.externaltools.gnu-tools-for-stm32.13.3.rel1.win32_1.0.0.202411081344/tools/bin/../lib/gcc/arm-none-eabi/13.3.1/../../../../arm-none-eabi/lib/thumb/v7e-m+fp/hard\libc_nano.a(libc_a-mallocr.o)
 .text._malloc_r
                0x0800ab64      0x100 C:/ST/STM32CubeIDE_1.19.0/STM32CubeIDE/plugins/com.st.stm32cube.ide.mcu.externaltools.gnu-tools-for-stm32.13.3.rel1.win32_1.0.0.202411081344/tools/bin/../lib/gcc/arm-none-eabi/13.3.1/../../../../arm-none-eabi/lib/thumb/v7e-m+fp/hard\libc_nano.a(libc_a-mallocr.o)
                0x0800ab64                _malloc_r
 .text.__malloc_lock
                0x0800ac64        0xc C:/ST/STM32CubeIDE_1.19.0/STM32CubeIDE/plugins/com.st.stm32cube.ide.mcu.externaltools.gnu-tools-for-stm32.13.3.rel1.win32_1.0.0.202411081344/tools/bin/../lib/gcc/arm-none-eabi/13.3.1/../../../../arm-none-eabi/lib/thumb/v7e-m+fp/hard\libc_nano.a(libc_a-mlock.o)
                0x0800ac64                __malloc_lock
 .text.__malloc_unlock
                0x0800ac70        0xc C:/ST/STM32CubeIDE_1.19.0/STM32CubeIDE/plugins/com.st.stm32cube.ide.mcu.externaltools.gnu-tools-for-stm32.13.3.rel1.win32_1.0.0.202411081344/tools/bin/../lib/gcc/arm-none-eabi/13.3.1/../../../../arm-none-eabi/lib/thumb/v7e-m+fp/hard\libc_nano.a(libc_a-mlock.o)
                0x0800ac70                __malloc_unlock
 .text.__ssputs_r
                0x0800ac7c       0xb6 C:/ST/STM32CubeIDE_1.19.0/STM32CubeIDE/plugins/com.st.stm32cube.ide.mcu.externaltools.gnu-tools-for-stm32.13.3.rel1.win32_1.0.0.202411081344/tools/bin/../lib/gcc/arm-none-eabi/13.3.1/../../../../arm-none-eabi/lib/thumb/v7e-m+fp/hard\libc_nano.a(libc_a-nano-svfprintf.o)
                0x0800ac7c                __ssputs_r
 *fill*         0x0800ad32        0x2 
 .text._svfprintf_r
                0x0800ad34      0x1f8 C:/ST/STM32CubeIDE_1.19.0/STM32CubeIDE/plugins/com.st.stm32cube.ide.mcu.externaltools.gnu-tools-for-stm32.13.3.rel1.win32_1.0.0.202411081344/tools/bin/../lib/gcc/arm-none-eabi/13.3.1/../../../../arm-none-eabi/lib/thumb/v7e-m+fp/hard\libc_nano.a(libc_a-nano-svfprintf.o)
                0x0800ad34                _svfiprintf_r
                0x0800ad34                _svfprintf_r
 .text._printf_common
                0x0800af2c       0xda C:/ST/STM32CubeIDE_1.19.0/STM32CubeIDE/plugins/com.st.stm32cube.ide.mcu.externaltools.gnu-tools-for-stm32.13.3.rel1.win32_1.0.0.202411081344/tools/bin/../lib/gcc/arm-none-eabi/13.3.1/../../../../arm-none-eabi/lib/thumb/v7e-m+fp/hard\libc_nano.a(libc_a-nano-vfprintf_i.o)
                0x0800af2c                _printf_common
 *fill*         0x0800b006        0x2 
 .text._printf_i
                0x0800b008      0x23c C:/ST/STM32CubeIDE_1.19.0/STM32CubeIDE/plugins/com.st.stm32cube.ide.mcu.externaltools.gnu-tools-for-stm32.13.3.rel1.win32_1.0.0.202411081344/tools/bin/../lib/gcc/arm-none-eabi/13.3.1/../../../../arm-none-eabi/lib/thumb/v7e-m+fp/hard\libc_nano.a(libc_a-nano-vfprintf_i.o)
                0x0800b008                _printf_i
 .text.memmove  0x0800b244       0x34 C:/ST/STM32CubeIDE_1.19.0/STM32CubeIDE/plugins/com.st.stm32cube.ide.mcu.externaltools.gnu-tools-for-stm32.13.3.rel1.win32_1.0.0.202411081344/tools/bin/../lib/gcc/arm-none-eabi/13.3.1/../../../../arm-none-eabi/lib/thumb/v7e-m+fp/hard\libc_nano.a(libc_a-memmove.o)
                0x0800b244                memmove
 .text._sbrk_r  0x0800b278       0x20 C:/ST/STM32CubeIDE_1.19.0/STM32CubeIDE/plugins/com.st.stm32cube.ide.mcu.externaltools.gnu-tools-for-stm32.13.3.rel1.win32_1.0.0.202411081344/tools/bin/../lib/gcc/arm-none-eabi/13.3.1/../../../../arm-none-eabi/lib/thumb/v7e-m+fp/hard\libc_nano.a(libc_a-sbrkr.o)
                0x0800b278                _sbrk_r
 .text._realloc_r
                0x0800b298       0x5c C:/ST/STM32CubeIDE_1.19.0/STM32CubeIDE/plugins/com.st.stm32cube.ide.mcu.externaltools.gnu-tools-for-stm32.13.3.rel1.win32_1.0.0.202411081344/tools/bin/../lib/gcc/arm-none-eabi/13.3.1/../../../../arm-none-eabi/lib/thumb/v7e-m+fp/hard\libc_nano.a(libc_a-reallocr.o)
                0x0800b298                _realloc_r
 .text._malloc_usable_size_r
                0x0800b2f4       0x10 C:/ST/STM32CubeIDE_1.19.0/STM32CubeIDE/plugins/com.st.stm32cube.ide.mcu.externaltools.gnu-tools-for-stm32.13.3.rel1.win32_1.0.0.202411081344/tools/bin/../lib/gcc/arm-none-eabi/13.3.1/../../../../arm-none-eabi/lib/thumb/v7e-m+fp/hard\libc_nano.a(libc_a-msizer.o)
                0x0800b2f4                _malloc_usable_size_r
 *(.glue_7)
 .glue_7        0x0800b304        0x0 linker stubs
 *(.glue_7t)
 .glue_7t       0x0800b304        0x0 linker stubs
 *(.eh_frame)
 .eh_frame      0x0800b304        0x0 C:/ST/STM32CubeIDE_1.19.0/STM32CubeIDE/plugins/com.st.stm32cube.ide.mcu.externaltools.gnu-tools-for-stm32.13.3.rel1.win32_1.0.0.202411081344/tools/bin/../lib/gcc/arm-none-eabi/13.3.1/thumb/v7e-m+fp/hard/crtbegin.o
 *(.init)
 .init          0x0800b304        0x4 C:/ST/STM32CubeIDE_1.19.0/STM32CubeIDE/plugins/com.st.stm32cube.ide.mcu.externaltools.gnu-tools-for-stm32.13.3.rel1.win32_1.0.0.202411081344/tools/bin/../lib/gcc/arm-none-eabi/13.3.1/thumb/v7e-m+fp/hard/crti.o
                0x0800b304                _init
 .init          0x0800b308        0x8 C:/ST/STM32CubeIDE_1.19.0/STM32CubeIDE/plugins/com.st.stm32cube.ide.mcu.externaltools.gnu-tools-for-stm32.13.3.rel1.win32_1.0.0.202411081344/tools/bin/../lib/gcc/arm-none-eabi/13.3.1/thumb/v7e-m+fp/hard/crtn.o
 *(.fini)
 .fini          0x0800b310        0x4 C:/ST/STM32CubeIDE_1.19.0/STM32CubeIDE/plugins/com.st.stm32cube.ide.mcu.externaltools.gnu-tools-for-stm32.13.3.rel1.win32_1.0.0.202411081344/tools/bin/../lib/gcc/arm-none-eabi/13.3.1/thumb/v7e-m+fp/hard/crti.o
                0x0800b310                _fini
 .fini          0x0800b314        0x8 C:/ST/STM32CubeIDE_1.19.0/STM32CubeIDE/plugins/com.st.stm32cube.ide.mcu.externaltools.gnu-tools-for-stm32.13.3.rel1.win32_1.0.0.202411081344/tools/bin/../lib/gcc/arm-none-eabi/13.3.1/thumb/v7e-m+fp/hard/crtn.o
                0x0800b31c                        . = ALIGN (0x4)
                0x0800b31c                        _etext = .

.vfp11_veneer   0x0800b31c        0x0
 .vfp11_veneer  0x0800b31c        0x0 linker stubs

.v4_bx          0x0800b31c        0x0
 .v4_bx         0x0800b31c        0x0 linker stubs

.iplt           0x0800b31c        0x0
 .iplt          0x0800b31c        0x0 C:/ST/STM32CubeIDE_1.19.0/STM32CubeIDE/plugins/com.st.stm32cube.ide.mcu.externaltools.gnu-tools-for-stm32.13.3.rel1.win32_1.0.0.202411081344/tools/bin/../lib/gcc/arm-none-eabi/13.3.1/thumb/v7e-m+fp/hard/crtbegin.o

.rodata         0x0800b31c      0x44c
                0x0800b31c                        . = ALIGN (0x4)
 *(.rodata)
 .rodata        0x0800b31c      0x154 ./Core/Src/freertos.o
 .rodata        0x0800b470        0xc ./Core/Src/main.o
 .rodata        0x0800b47c        0x5 ./Middlewares/Third_Party/FreeRTOS/Source/tasks.o
 *fill*         0x0800b481        0x3 
 .rodata        0x0800b484        0xd ./Middlewares/Third_Party/FreeRTOS/Source/timers.o
 *(.rodata*)
 *fill*         0x0800b491        0x3 
 .rodata.defaultTask_attributes
                0x0800b494       0x24 ./Core/Src/main.o
                0x0800b494                defaultTask_attributes
 .rodata.font5x7
                0x0800b4b8      0x1db ./Core/Src/ssd1306.o
 *fill*         0x0800b693        0x1 
 .rodata.AHBPrescTable
                0x0800b694       0x10 ./Core/Src/system_stm32f4xx.o
                0x0800b694                AHBPrescTable
 .rodata.APBPrescTable
                0x0800b6a4        0x8 ./Core/Src/system_stm32f4xx.o
                0x0800b6a4                APBPrescTable
 .rodata.TEMP_LUT
                0x0800b6ac       0x88 ./Core/Src/temperature_lut.o
 .rodata._svfprintf_r.str1.1
                0x0800b734       0x33 C:/ST/STM32CubeIDE_1.19.0/STM32CubeIDE/plugins/com.st.stm32cube.ide.mcu.externaltools.gnu-tools-for-stm32.13.3.rel1.win32_1.0.0.202411081344/tools/bin/../lib/gcc/arm-none-eabi/13.3.1/../../../../arm-none-eabi/lib/thumb/v7e-m+fp/hard\libc_nano.a(libc_a-nano-svfprintf.o)
                                 0x11 (size before relaxing)
 .rodata._printf_i.str1.1
                0x0800b767       0x22 C:/ST/STM32CubeIDE_1.19.0/STM32CubeIDE/plugins/com.st.stm32cube.ide.mcu.externaltools.gnu-tools-for-stm32.13.3.rel1.win32_1.0.0.202411081344/tools/bin/../lib/gcc/arm-none-eabi/13.3.1/../../../../arm-none-eabi/lib/thumb/v7e-m+fp/hard\libc_nano.a(libc_a-nano-vfprintf_i.o)
                0x0800b78c                        . = ALIGN (0x4)
 *fill*         0x0800b767        0x1 

.ARM.extab      0x0800b768        0x0
                0x0800b768                        . = ALIGN (0x4)
 *(.ARM.extab* .gnu.linkonce.armextab.*)
                0x0800b768                        . = ALIGN (0x4)

.ARM            0x0800b768        0x8
                0x0800b768                        . = ALIGN (0x4)
                0x0800b768                        __exidx_start = .
 *(.ARM.exidx*)
 .ARM.exidx     0x0800b768        0x8 C:/ST/STM32CubeIDE_1.19.0/STM32CubeIDE/plugins/com.st.stm32cube.ide.mcu.externaltools.gnu-tools-for-stm32.13.3.rel1.win32_1.0.0.202411081344/tools/bin/../lib/gcc/arm-none-eabi/13.3.1/../../../../arm-none-eabi/lib/thumb/v7e-m+fp/hard\libc_nano.a(libc_a-strlen.o)
 .ARM.exidx     0x0800b770        0x0 C:/ST/STM32CubeIDE_1.19.0/STM32CubeIDE/plugins/com.st.stm32cube.ide.mcu.externaltools.gnu-tools-for-stm32.13.3.rel1.win32_1.0.0.202411081344/tools/bin/../lib/gcc/arm-none-eabi/13.3.1/../../../../arm-none-eabi/lib/thumb/v7e-m+fp/hard\libc_nano.a(libc_a-memchr.o)
                                  0x8 (size before relaxing)
 .ARM.exidx     0x0800b770        0x0 C:/ST/STM32CubeIDE_1.19.0/STM32CubeIDE/plugins/com.st.stm32cube.ide.mcu.externaltools.gnu-tools-for-stm32.13.3.rel1.win32_1.0.0.202411081344/tools/bin/../lib/gcc/arm-none-eabi/13.3.1/thumb/v7e-m+fp/hard\libgcc.a(_udivmoddi4.o)
                                  0x8 (size before relaxing)
                0x0800b770                        __exidx_end = .
                0x0800b770                        . = ALIGN (0x4)

.preinit_array  0x0800b770        0x0
                0x0800b770                        . = ALIGN (0x4)
                0x0800b770                        PROVIDE (__preinit_array_start = .)
 *(.preinit_array*)
                0x0800b770                        PROVIDE (__preinit_array_end = .)
                0x0800b770                        . = ALIGN (0x4)

.init_array     0x0800b770        0x4
                0x0800b770                        . = ALIGN (0x4)
                0x0800b770                        PROVIDE (__init_array_start = .)
 *(SORT_BY_NAME(.init_array.*))
 *(.init_array*)
 .init_array    0x0800b770        0x4 C:/ST/STM32CubeIDE_1.19.0/STM32CubeIDE/plugins/com.st.stm32cube.ide.mcu.externaltools.gnu-tools-for-stm32.13.3.rel1.win32_1.0.0.202411081344/tools/bin/../lib/gcc/arm-none-eabi/13.3.1/thumb/v7e-m+fp/hard/crtbegin.o
                0x0800b774                        PROVIDE (__init_array_end = .)
                0x0800b774                        . = ALIGN (0x4)

.fini_array     0x0800b774        0x4
                0x0800b774                        . = ALIGN (0x4)
                [!provide]                        PROVIDE (__fini_array_start = .)
 *(SORT_BY_NAME(.fini_array.*))
 *(.fini_array*)
 .fini_array    0x0800b774        0x4 C:/ST/STM32CubeIDE_1.19.0/STM32CubeIDE/plugins/com.st.stm32cube.ide.mcu.externaltools.gnu-tools-for-stm32.13.3.rel1.win32_1.0.0.202411081344/tools/bin/../lib/gcc/arm-none-eabi/13.3.1/thumb/v7e-m+fp/hard/crtbegin.o
                [!provide]                        PROVIDE (__fini_array_end = .)
                0x0800b778                        . = ALIGN (0x4)
                0x0800b778                        _sidata = LOADADDR (.data)

.rel.dyn        0x0800b778        0x0
 .rel.iplt      0x0800b778        0x0 C:/ST/STM32CubeIDE_1.19.0/STM32CubeIDE/plugins/com.st.stm32cube.ide.mcu.externaltools.gnu-tools-for-stm32.13.3.rel1.win32_1.0.0.202411081344/tools/bin/../lib/gcc/arm-none-eabi/13.3.1/thumb/v7e-m+fp/hard/crtbegin.o

.data           0x20000000       0x64 load address 0x0800b778
                0x20000000                        . = ALIGN (0x4)
                0x20000000                        _sdata = .
 *(.data)
 *(.data*)
 .data.filtered
                0x20000000        0x4 ./Core/Src/iir_filter.o
 .data.SystemCoreClock
                0x20000004        0x4 ./Core/Src/system_stm32f4xx.o
                0x20000004                SystemCoreClock
 .data.uwTickPrio
                0x20000008        0x4 ./Drivers/STM32F4xx_HAL_Driver/Src/stm32f4xx_hal.o
                0x20000008                uwTickPrio
 .data.uwTickFreq
                0x2000000c        0x1 ./Drivers/STM32F4xx_HAL_Driver/Src/stm32f4xx_hal.o
                0x2000000c                uwTickFreq
 *fill*         0x2000000d        0x3 
 .data.uxCriticalNesting
                0x20000010        0x4 ./Middlewares/Third_Party/FreeRTOS/Source/portable/GCC/ARM_CM4F/port.o
 .data._impure_ptr
                0x20000014        0x4 C:/ST/STM32CubeIDE_1.19.0/STM32CubeIDE/plugins/com.st.stm32cube.ide.mcu.externaltools.gnu-tools-for-stm32.13.3.rel1.win32_1.0.0.202411081344/tools/bin/../lib/gcc/arm-none-eabi/13.3.1/../../../../arm-none-eabi/lib/thumb/v7e-m+fp/hard\libc_nano.a(libc_a-impure.o)
                0x20000014                _impure_ptr
 .data._impure_data
                0x20000018       0x4c C:/ST/STM32CubeIDE_1.19.0/STM32CubeIDE/plugins/com.st.stm32cube.ide.mcu.externaltools.gnu-tools-for-stm32.13.3.rel1.win32_1.0.0.202411081344/tools/bin/../lib/gcc/arm-none-eabi/13.3.1/../../../../arm-none-eabi/lib/thumb/v7e-m+fp/hard\libc_nano.a(libc_a-impure.o)
                0x20000018                _impure_data
 *(.RamFunc)
 *(.RamFunc*)
                0x20000064                        . = ALIGN (0x4)
                0x20000064                        _edata = .

.igot.plt       0x20000064        0x0 load address 0x0800b7dc
 .igot.plt      0x20000064        0x0 C:/ST/STM32CubeIDE_1.19.0/STM32CubeIDE/plugins/com.st.stm32cube.ide.mcu.externaltools.gnu-tools-for-stm32.13.3.rel1.win32_1.0.0.202411081344/tools/bin/../lib/gcc/arm-none-eabi/13.3.1/thumb/v7e-m+fp/hard/crtbegin.o
                0x20000064                        . = ALIGN (0x4)

.bss            0x20000064     0x522c load address 0x0800b7dc
                0x20000064                        _sbss = .
                0x20000064                        __bss_start__ = _sbss
 *(.bss)
 .bss           0x20000064       0x1c C:/ST/STM32CubeIDE_1.19.0/STM32CubeIDE/plugins/com.st.stm32cube.ide.mcu.externaltools.gnu-tools-for-stm32.13.3.rel1.win32_1.0.0.202411081344/tools/bin/../lib/gcc/arm-none-eabi/13.3.1/thumb/v7e-m+fp/hard/crtbegin.o
 *(.bss*)
 .bss.g_sys     0x20000080       0x24 ./Core/Src/freertos.o
                0x20000080                g_sys
 .bss.g_sys_mutex
                0x200000a4        0x4 ./Core/Src/freertos.o
                0x200000a4                g_sys_mutex
 .bss.g_i2c_mutex
                0x200000a8        0x4 ./Core/Src/freertos.o
                0x200000a8                g_i2c_mutex
 .bss.motorTaskHandle
                0x200000ac        0x4 ./Core/Src/freertos.o
                0x200000ac                motorTaskHandle
 .bss.powerMonTaskHandle
                0x200000b0        0x4 ./Core/Src/freertos.o
                0x200000b0                powerMonTaskHandle
 .bss.tempTaskHandle
                0x200000b4        0x4 ./Core/Src/freertos.o
                0x200000b4                tempTaskHandle
 .bss.safetyTaskHandle
                0x200000b8        0x4 ./Core/Src/freertos.o
                0x200000b8                safetyTaskHandle
 .bss.displayTaskHandle
                0x200000bc        0x4 ./Core/Src/freertos.o
                0x200000bc                displayTaskHandle
 .bss.loggingTaskHandle
                0x200000c0        0x4 ./Core/Src/freertos.o
                0x200000c0                loggingTaskHandle
 .bss.powerMgrTaskHandle
                0x200000c4        0x4 ./Core/Src/freertos.o
                0x200000c4                powerMgrTaskHandle
 .bss.log_buf   0x200000c8      0x100 ./Core/Src/freertos.o
 .bss.safety_tripped
                0x200001c8        0x1 ./Core/Src/freertos.o
 .bss.motor_speed_mode
                0x200001c9        0x1 ./Core/Src/freertos.o
 *fill*         0x200001ca        0x2 
 .bss.last_btn_tick.0
                0x200001cc        0x4 ./Core/Src/freertos.o
 .bss.initialized
                0x200001d0        0x1 ./Core/Src/iir_filter.o
 *fill*         0x200001d1        0x3 
 .bss.hadc1     0x200001d4       0x48 ./Core/Src/main.o
                0x200001d4                hadc1
 .bss.hi2c1     0x2000021c       0x54 ./Core/Src/main.o
                0x2000021c                hi2c1
 .bss.htim3     0x20000270       0x48 ./Core/Src/main.o
                0x20000270                htim3
 .bss.huart2    0x200002b8       0x48 ./Core/Src/main.o
                0x200002b8                huart2
 .bss.defaultTaskHandle
                0x20000300        0x4 ./Core/Src/main.o
                0x20000300                defaultTaskHandle
 .bss.buzzer_on
                0x20000304        0x1 ./Core/Src/safety_monitor.o
 *fill*         0x20000305        0x3 
 .bss.ssd1306_i2c
                0x20000308        0x4 ./Core/Src/ssd1306.o
 .bss.ssd1306_buffer
                0x2000030c      0x400 ./Core/Src/ssd1306.o
 .bss.cursor_x  0x2000070c        0x1 ./Core/Src/ssd1306.o
 .bss.cursor_y  0x2000070d        0x1 ./Core/Src/ssd1306.o
 *fill*         0x2000070e        0x2 
 .bss.htim10    0x20000710       0x48 ./Core/Src/stm32f4xx_hal_timebase_tim.o
                0x20000710                htim10
 .bss.__sbrk_heap_end
                0x20000758        0x4 ./Core/Src/sysmem.o
 .bss.uwTick    0x2000075c        0x4 ./Drivers/STM32F4xx_HAL_Driver/Src/stm32f4xx_hal.o
                0x2000075c                uwTick
 .bss.KernelState
                0x20000760        0x4 ./Middlewares/Third_Party/FreeRTOS/Source/CMSIS_RTOS_V2/cmsis_os2.o
 .bss.Idle_TCB.3
                0x20000764       0xa8 ./Middlewares/Third_Party/FreeRTOS/Source/CMSIS_RTOS_V2/cmsis_os2.o
 .bss.Idle_Stack.2
                0x2000080c      0x200 ./Middlewares/Third_Party/FreeRTOS/Source/CMSIS_RTOS_V2/cmsis_os2.o
 .bss.Timer_TCB.1
                0x20000a0c       0xa8 ./Middlewares/Third_Party/FreeRTOS/Source/CMSIS_RTOS_V2/cmsis_os2.o
 .bss.Timer_Stack.0
                0x20000ab4      0x400 ./Middlewares/Third_Party/FreeRTOS/Source/CMSIS_RTOS_V2/cmsis_os2.o
 .bss.xQueueRegistry
                0x20000eb4       0x40 ./Middlewares/Third_Party/FreeRTOS/Source/queue.o
                0x20000eb4                xQueueRegistry
 .bss.pxCurrentTCB
                0x20000ef4        0x4 ./Middlewares/Third_Party/FreeRTOS/Source/tasks.o
                0x20000ef4                pxCurrentTCB
 .bss.pxReadyTasksLists
                0x20000ef8      0x460 ./Middlewares/Third_Party/FreeRTOS/Source/tasks.o
 .bss.xDelayedTaskList1
                0x20001358       0x14 ./Middlewares/Third_Party/FreeRTOS/Source/tasks.o
 .bss.xDelayedTaskList2
                0x2000136c       0x14 ./Middlewares/Third_Party/FreeRTOS/Source/tasks.o
 .bss.pxDelayedTaskList
                0x20001380        0x4 ./Middlewares/Third_Party/FreeRTOS/Source/tasks.o
 .bss.pxOverflowDelayedTaskList
                0x20001384        0x4 ./Middlewares/Third_Party/FreeRTOS/Source/tasks.o
 .bss.xPendingReadyList
                0x20001388       0x14 ./Middlewares/Third_Party/FreeRTOS/Source/tasks.o
 .bss.xTasksWaitingTermination
                0x2000139c       0x14 ./Middlewares/Third_Party/FreeRTOS/Source/tasks.o
 .bss.uxDeletedTasksWaitingCleanUp
                0x200013b0        0x4 ./Middlewares/Third_Party/FreeRTOS/Source/tasks.o
 .bss.xSuspendedTaskList
                0x200013b4       0x14 ./Middlewares/Third_Party/FreeRTOS/Source/tasks.o
 .bss.uxCurrentNumberOfTasks
                0x200013c8        0x4 ./Middlewares/Third_Party/FreeRTOS/Source/tasks.o
 .bss.xTickCount
                0x200013cc        0x4 ./Middlewares/Third_Party/FreeRTOS/Source/tasks.o
 .bss.uxTopReadyPriority
                0x200013d0        0x4 ./Middlewares/Third_Party/FreeRTOS/Source/tasks.o
 .bss.xSchedulerRunning
                0x200013d4        0x4 ./Middlewares/Third_Party/FreeRTOS/Source/tasks.o
 .bss.xPendedTicks
                0x200013d8        0x4 ./Middlewares/Third_Party/FreeRTOS/Source/tasks.o
 .bss.xYieldPending
                0x200013dc        0x4 ./Middlewares/Third_Party/FreeRTOS/Source/tasks.o
 .bss.xNumOfOverflows
                0x200013e0        0x4 ./Middlewares/Third_Party/FreeRTOS/Source/tasks.o
 .bss.uxTaskNumber
                0x200013e4        0x4 ./Middlewares/Third_Party/FreeRTOS/Source/tasks.o
 .bss.xNextTaskUnblockTime
                0x200013e8        0x4 ./Middlewares/Third_Party/FreeRTOS/Source/tasks.o
 .bss.xIdleTaskHandle
                0x200013ec        0x4 ./Middlewares/Third_Party/FreeRTOS/Source/tasks.o
 .bss.uxSchedulerSuspended
                0x200013f0        0x4 ./Middlewares/Third_Party/FreeRTOS/Source/tasks.o
 .bss.xActiveTimerList1
                0x200013f4       0x14 ./Middlewares/Third_Party/FreeRTOS/Source/timers.o
 .bss.xActiveTimerList2
                0x20001408       0x14 ./Middlewares/Third_Party/FreeRTOS/Source/timers.o
 .bss.pxCurrentTimerList
                0x2000141c        0x4 ./Middlewares/Third_Party/FreeRTOS/Source/timers.o
 .bss.pxOverflowTimerList
                0x20001420        0x4 ./Middlewares/Third_Party/FreeRTOS/Source/timers.o
 .bss.xTimerQueue
                0x20001424        0x4 ./Middlewares/Third_Party/FreeRTOS/Source/timers.o
 .bss.xTimerTaskHandle
                0x20001428        0x4 ./Middlewares/Third_Party/FreeRTOS/Source/timers.o
 .bss.xLastTime.2
                0x2000142c        0x4 ./Middlewares/Third_Party/FreeRTOS/Source/timers.o
 .bss.ucStaticTimerQueueStorage.1
                0x20001430       0xa0 ./Middlewares/Third_Party/FreeRTOS/Source/timers.o
 .bss.xStaticTimerQueue.0
                0x200014d0       0x50 ./Middlewares/Third_Party/FreeRTOS/Source/timers.o
 .bss.ucMaxSysCallPriority
                0x20001520        0x1 ./Middlewares/Third_Party/FreeRTOS/Source/portable/GCC/ARM_CM4F/port.o
 *fill*         0x20001521        0x3 
 .bss.ulMaxPRIGROUPValue
                0x20001524        0x4 ./Middlewares/Third_Party/FreeRTOS/Source/portable/GCC/ARM_CM4F/port.o
 .bss.ucHeap    0x20001528     0x3c00 ./Middlewares/Third_Party/FreeRTOS/Source/portable/MemMang/heap_4.o
 .bss.xStart    0x20005128        0x8 ./Middlewares/Third_Party/FreeRTOS/Source/portable/MemMang/heap_4.o
 .bss.pxEnd     0x20005130        0x4 ./Middlewares/Third_Party/FreeRTOS/Source/portable/MemMang/heap_4.o
 .bss.xFreeBytesRemaining
                0x20005134        0x4 ./Middlewares/Third_Party/FreeRTOS/Source/portable/MemMang/heap_4.o
 .bss.xMinimumEverFreeBytesRemaining
                0x20005138        0x4 ./Middlewares/Third_Party/FreeRTOS/Source/portable/MemMang/heap_4.o
 .bss.xNumberOfSuccessfulAllocations
                0x2000513c        0x4 ./Middlewares/Third_Party/FreeRTOS/Source/portable/MemMang/heap_4.o
 .bss.xNumberOfSuccessfulFrees
                0x20005140        0x4 ./Middlewares/Third_Party/FreeRTOS/Source/portable/MemMang/heap_4.o
 .bss.xBlockAllocatedBit
                0x20005144        0x4 ./Middlewares/Third_Party/FreeRTOS/Source/portable/MemMang/heap_4.o
 .bss.__sf      0x20005148      0x138 C:/ST/STM32CubeIDE_1.19.0/STM32CubeIDE/plugins/com.st.stm32cube.ide.mcu.externaltools.gnu-tools-for-stm32.13.3.rel1.win32_1.0.0.202411081344/tools/bin/../lib/gcc/arm-none-eabi/13.3.1/../../../../arm-none-eabi/lib/thumb/v7e-m+fp/hard\libc_nano.a(libc_a-findfp.o)
                0x20005148                __sf
 .bss.errno     0x20005280        0x4 C:/ST/STM32CubeIDE_1.19.0/STM32CubeIDE/plugins/com.st.stm32cube.ide.mcu.externaltools.gnu-tools-for-stm32.13.3.rel1.win32_1.0.0.202411081344/tools/bin/../lib/gcc/arm-none-eabi/13.3.1/../../../../arm-none-eabi/lib/thumb/v7e-m+fp/hard\libc_nano.a(libc_a-reent.o)
                0x20005280                errno
 .bss.__lock___malloc_recursive_mutex
                0x20005284        0x1 C:/ST/STM32CubeIDE_1.19.0/STM32CubeIDE/plugins/com.st.stm32cube.ide.mcu.externaltools.gnu-tools-for-stm32.13.3.rel1.win32_1.0.0.202411081344/tools/bin/../lib/gcc/arm-none-eabi/13.3.1/../../../../arm-none-eabi/lib/thumb/v7e-m+fp/hard\libc_nano.a(libc_a-lock.o)
                0x20005284                __lock___malloc_recursive_mutex
 *fill*         0x20005285        0x3 
 .bss.__malloc_sbrk_start
                0x20005288        0x4 C:/ST/STM32CubeIDE_1.19.0/STM32CubeIDE/plugins/com.st.stm32cube.ide.mcu.externaltools.gnu-tools-for-stm32.13.3.rel1.win32_1.0.0.202411081344/tools/bin/../lib/gcc/arm-none-eabi/13.3.1/../../../../arm-none-eabi/lib/thumb/v7e-m+fp/hard\libc_nano.a(libc_a-mallocr.o)
                0x20005288                __malloc_sbrk_start
 .bss.__malloc_free_list
                0x2000528c        0x4 C:/ST/STM32CubeIDE_1.19.0/STM32CubeIDE/plugins/com.st.stm32cube.ide.mcu.externaltools.gnu-tools-for-stm32.13.3.rel1.win32_1.0.0.202411081344/tools/bin/../lib/gcc/arm-none-eabi/13.3.1/../../../../arm-none-eabi/lib/thumb/v7e-m+fp/hard\libc_nano.a(libc_a-mallocr.o)
                0x2000528c                __malloc_free_list
 *(COMMON)
                0x20005290                        . = ALIGN (0x4)
                0x20005290                        _ebss = .
                0x20005290                        __bss_end__ = _ebss

._user_heap_stack
                0x20005290      0x600 load address 0x0800b7dc
                0x20005290                        . = ALIGN (0x8)
                [!provide]                        PROVIDE (end = .)
                0x20005290                        PROVIDE (_end = .)
                0x20005490                        . = (. + _Min_Heap_Size)
 *fill*         0x20005290      0x200 
                0x20005890                        . = (. + _Min_Stack_Size)
 *fill*         0x20005490      0x400 
                0x20005890                        . = ALIGN (0x8)

/DISCARD/
 libc.a(*)
 libm.a(*)
 libgcc.a(*)

.ARM.attributes
                0x00000000       0x30
 *(.ARM.attributes)
 .ARM.attributes
                0x00000000       0x22 C:/ST/STM32CubeIDE_1.19.0/STM32CubeIDE/plugins/com.st.stm32cube.ide.mcu.externaltools.gnu-tools-for-stm32.13.3.rel1.win32_1.0.0.202411081344/tools/bin/../lib/gcc/arm-none-eabi/13.3.1/thumb/v7e-m+fp/hard/crti.o
 .ARM.attributes
                0x00000022       0x34 C:/ST/STM32CubeIDE_1.19.0/STM32CubeIDE/plugins/com.st.stm32cube.ide.mcu.externaltools.gnu-tools-for-stm32.13.3.rel1.win32_1.0.0.202411081344/tools/bin/../lib/gcc/arm-none-eabi/13.3.1/thumb/v7e-m+fp/hard/crtbegin.o
 .ARM.attributes
                0x00000056       0x34 ./Core/Src/freertos.o
 .ARM.attributes
                0x0000008a       0x34 ./Core/Src/iir_filter.o
 .ARM.attributes
                0x000000be       0x34 ./Core/Src/main.o
 .ARM.attributes
                0x000000f2       0x34 ./Core/Src/motor_control.o
 .ARM.attributes
                0x00000126       0x34 ./Core/Src/power_manager.o
 .ARM.attributes
                0x0000015a       0x34 ./Core/Src/power_monitor.o
 .ARM.attributes
                0x0000018e       0x34 ./Core/Src/safety_monitor.o
 .ARM.attributes
                0x000001c2       0x34 ./Core/Src/ssd1306.o
 .ARM.attributes
                0x000001f6       0x34 ./Core/Src/stm32f4xx_hal_msp.o
 .ARM.attributes
                0x0000022a       0x34 ./Core/Src/stm32f4xx_hal_timebase_tim.o
 .ARM.attributes
                0x0000025e       0x34 ./Core/Src/stm32f4xx_it.o
 .ARM.attributes
                0x00000292       0x34 ./Core/Src/sysmem.o
 .ARM.attributes
                0x000002c6       0x34 ./Core/Src/system_stm32f4xx.o
 .ARM.attributes
                0x000002fa       0x34 ./Core/Src/temperature_lut.o
 .ARM.attributes
                0x0000032e       0x21 ./Core/Startup/startup_stm32f446retx.o
 .ARM.attributes
                0x0000034f       0x34 ./Drivers/STM32F4xx_HAL_Driver/Src/stm32f4xx_hal.o
 .ARM.attributes
                0x00000383       0x34 ./Drivers/STM32F4xx_HAL_Driver/Src/stm32f4xx_hal_adc.o
 .ARM.attributes
                0x000003b7       0x34 ./Drivers/STM32F4xx_HAL_Driver/Src/stm32f4xx_hal_cortex.o
 .ARM.attributes
                0x000003eb       0x34 ./Drivers/STM32F4xx_HAL_Driver/Src/stm32f4xx_hal_gpio.o
 .ARM.attributes
                0x0000041f       0x34 ./Drivers/STM32F4xx_HAL_Driver/Src/stm32f4xx_hal_i2c.o
 .ARM.attributes
                0x00000453       0x34 ./Drivers/STM32F4xx_HAL_Driver/Src/stm32f4xx_hal_pwr.o
 .ARM.attributes
                0x00000487       0x34 ./Drivers/STM32F4xx_HAL_Driver/Src/stm32f4xx_hal_rcc.o
 .ARM.attributes
                0x000004bb       0x34 ./Drivers/STM32F4xx_HAL_Driver/Src/stm32f4xx_hal_rcc_ex.o
 .ARM.attributes
                0x000004ef       0x34 ./Drivers/STM32F4xx_HAL_Driver/Src/stm32f4xx_hal_tim.o
 .ARM.attributes
                0x00000523       0x34 ./Drivers/STM32F4xx_HAL_Driver/Src/stm32f4xx_hal_tim_ex.o
 .ARM.attributes
                0x00000557       0x34 ./Drivers/STM32F4xx_HAL_Driver/Src/stm32f4xx_hal_uart.o
 .ARM.attributes
                0x0000058b       0x34 ./Middlewares/Third_Party/FreeRTOS/Source/CMSIS_RTOS_V2/cmsis_os2.o
 .ARM.attributes
                0x000005bf       0x34 ./Middlewares/Third_Party/FreeRTOS/Source/list.o
 .ARM.attributes
                0x000005f3       0x34 ./Middlewares/Third_Party/FreeRTOS/Source/queue.o
 .ARM.attributes
                0x00000627       0x34 ./Middlewares/Third_Party/FreeRTOS/Source/tasks.o
 .ARM.attributes
                0x0000065b       0x34 ./Middlewares/Third_Party/FreeRTOS/Source/timers.o
 .ARM.attributes
                0x0000068f       0x34 ./Middlewares/Third_Party/FreeRTOS/Source/portable/GCC/ARM_CM4F/port.o
 .ARM.attributes
                0x000006c3       0x34 ./Middlewares/Third_Party/FreeRTOS/Source/portable/MemMang/heap_4.o
 .ARM.attributes
                0x000006f7       0x34 C:/ST/STM32CubeIDE_1.19.0/STM32CubeIDE/plugins/com.st.stm32cube.ide.mcu.externaltools.gnu-tools-for-stm32.13.3.rel1.win32_1.0.0.202411081344/tools/bin/../lib/gcc/arm-none-eabi/13.3.1/../../../../arm-none-eabi/lib/thumb/v7e-m+fp/hard\libc_nano.a(libc_a-findfp.o)
 .ARM.attributes
                0x0000072b       0x34 C:/ST/STM32CubeIDE_1.19.0/STM32CubeIDE/plugins/com.st.stm32cube.ide.mcu.externaltools.gnu-tools-for-stm32.13.3.rel1.win32_1.0.0.202411081344/tools/bin/../lib/gcc/arm-none-eabi/13.3.1/../../../../arm-none-eabi/lib/thumb/v7e-m+fp/hard\libc_nano.a(libc_a-sprintf.o)
 .ARM.attributes
                0x0000075f       0x34 C:/ST/STM32CubeIDE_1.19.0/STM32CubeIDE/plugins/com.st.stm32cube.ide.mcu.externaltools.gnu-tools-for-stm32.13.3.rel1.win32_1.0.0.202411081344/tools/bin/../lib/gcc/arm-none-eabi/13.3.1/../../../../arm-none-eabi/lib/thumb/v7e-m+fp/hard\libc_nano.a(libc_a-memset.o)
 .ARM.attributes
                0x00000793       0x34 C:/ST/STM32CubeIDE_1.19.0/STM32CubeIDE/plugins/com.st.stm32cube.ide.mcu.externaltools.gnu-tools-for-stm32.13.3.rel1.win32_1.0.0.202411081344/tools/bin/../lib/gcc/arm-none-eabi/13.3.1/../../../../arm-none-eabi/lib/thumb/v7e-m+fp/hard\libc_nano.a(libc_a-reent.o)
 .ARM.attributes
                0x000007c7       0x34 C:/ST/STM32CubeIDE_1.19.0/STM32CubeIDE/plugins/com.st.stm32cube.ide.mcu.externaltools.gnu-tools-for-stm32.13.3.rel1.win32_1.0.0.202411081344/tools/bin/../lib/gcc/arm-none-eabi/13.3.1/../../../../arm-none-eabi/lib/thumb/v7e-m+fp/hard\libc_nano.a(libc_a-impure.o)
 .ARM.attributes
                0x000007fb       0x34 C:/ST/STM32CubeIDE_1.19.0/STM32CubeIDE/plugins/com.st.stm32cube.ide.mcu.externaltools.gnu-tools-for-stm32.13.3.rel1.win32_1.0.0.202411081344/tools/bin/../lib/gcc/arm-none-eabi/13.3.1/../../../../arm-none-eabi/lib/thumb/v7e-m+fp/hard\libc_nano.a(libc_a-errno.o)
 .ARM.attributes
                0x0000082f       0x34 C:/ST/STM32CubeIDE_1.19.0/STM32CubeIDE/plugins/com.st.stm32cube.ide.mcu.externaltools.gnu-tools-for-stm32.13.3.rel1.win32_1.0.0.202411081344/tools/bin/../lib/gcc/arm-none-eabi/13.3.1/../../../../arm-none-eabi/lib/thumb/v7e-m+fp/hard\libc_nano.a(libc_a-init.o)
 .ARM.attributes
                0x00000863       0x34 C:/ST/STM32CubeIDE_1.19.0/STM32CubeIDE/plugins/com.st.stm32cube.ide.mcu.externaltools.gnu-tools-for-stm32.13.3.rel1.win32_1.0.0.202411081344/tools/bin/../lib/gcc/arm-none-eabi/13.3.1/../../../../arm-none-eabi/lib/thumb/v7e-m+fp/hard\libc_nano.a(libc_a-lock.o)
 .ARM.attributes
                0x00000897       0x34 C:/ST/STM32CubeIDE_1.19.0/STM32CubeIDE/plugins/com.st.stm32cube.ide.mcu.externaltools.gnu-tools-for-stm32.13.3.rel1.win32_1.0.0.202411081344/tools/bin/../lib/gcc/arm-none-eabi/13.3.1/../../../../arm-none-eabi/lib/thumb/v7e-m+fp/hard\libc_nano.a(libc_a-memcpy-stub.o)
 .ARM.attributes
                0x000008cb       0x17 C:/ST/STM32CubeIDE_1.19.0/STM32CubeIDE/plugins/com.st.stm32cube.ide.mcu.externaltools.gnu-tools-for-stm32.13.3.rel1.win32_1.0.0.202411081344/tools/bin/../lib/gcc/arm-none-eabi/13.3.1/../../../../arm-none-eabi/lib/thumb/v7e-m+fp/hard\libc_nano.a(libc_a-strlen.o)
 .ARM.attributes
                0x000008e2       0x34 C:/ST/STM32CubeIDE_1.19.0/STM32CubeIDE/plugins/com.st.stm32cube.ide.mcu.externaltools.gnu-tools-for-stm32.13.3.rel1.win32_1.0.0.202411081344/tools/bin/../lib/gcc/arm-none-eabi/13.3.1/../../../../arm-none-eabi/lib/thumb/v7e-m+fp/hard\libc_nano.a(libc_a-freer.o)
 .ARM.attributes
                0x00000916       0x34 C:/ST/STM32CubeIDE_1.19.0/STM32CubeIDE/plugins/com.st.stm32cube.ide.mcu.externaltools.gnu-tools-for-stm32.13.3.rel1.win32_1.0.0.202411081344/tools/bin/../lib/gcc/arm-none-eabi/13.3.1/../../../../arm-none-eabi/lib/thumb/v7e-m+fp/hard\libc_nano.a(libc_a-mallocr.o)
 .ARM.attributes
                0x0000094a       0x34 C:/ST/STM32CubeIDE_1.19.0/STM32CubeIDE/plugins/com.st.stm32cube.ide.mcu.externaltools.gnu-tools-for-stm32.13.3.rel1.win32_1.0.0.202411081344/tools/bin/../lib/gcc/arm-none-eabi/13.3.1/../../../../arm-none-eabi/lib/thumb/v7e-m+fp/hard\libc_nano.a(libc_a-mlock.o)
 .ARM.attributes
                0x0000097e       0x34 C:/ST/STM32CubeIDE_1.19.0/STM32CubeIDE/plugins/com.st.stm32cube.ide.mcu.externaltools.gnu-tools-for-stm32.13.3.rel1.win32_1.0.0.202411081344/tools/bin/../lib/gcc/arm-none-eabi/13.3.1/../../../../arm-none-eabi/lib/thumb/v7e-m+fp/hard\libc_nano.a(libc_a-nano-svfprintf.o)
 .ARM.attributes
                0x000009b2       0x34 C:/ST/STM32CubeIDE_1.19.0/STM32CubeIDE/plugins/com.st.stm32cube.ide.mcu.externaltools.gnu-tools-for-stm32.13.3.rel1.win32_1.0.0.202411081344/tools/bin/../lib/gcc/arm-none-eabi/13.3.1/../../../../arm-none-eabi/lib/thumb/v7e-m+fp/hard\libc_nano.a(libc_a-nano-vfprintf_i.o)
 .ARM.attributes
                0x000009e6       0x34 C:/ST/STM32CubeIDE_1.19.0/STM32CubeIDE/plugins/com.st.stm32cube.ide.mcu.externaltools.gnu-tools-for-stm32.13.3.rel1.win32_1.0.0.202411081344/tools/bin/../lib/gcc/arm-none-eabi/13.3.1/../../../../arm-none-eabi/lib/thumb/v7e-m+fp/hard\libc_nano.a(libc_a-memmove.o)
 .ARM.attributes
                0x00000a1a       0x34 C:/ST/STM32CubeIDE_1.19.0/STM32CubeIDE/plugins/com.st.stm32cube.ide.mcu.externaltools.gnu-tools-for-stm32.13.3.rel1.win32_1.0.0.202411081344/tools/bin/../lib/gcc/arm-none-eabi/13.3.1/../../../../arm-none-eabi/lib/thumb/v7e-m+fp/hard\libc_nano.a(libc_a-sbrkr.o)
 .ARM.attributes
                0x00000a4e       0x1c C:/ST/STM32CubeIDE_1.19.0/STM32CubeIDE/plugins/com.st.stm32cube.ide.mcu.externaltools.gnu-tools-for-stm32.13.3.rel1.win32_1.0.0.202411081344/tools/bin/../lib/gcc/arm-none-eabi/13.3.1/../../../../arm-none-eabi/lib/thumb/v7e-m+fp/hard\libc_nano.a(libc_a-memchr.o)
 .ARM.attributes
                0x00000a6a       0x34 C:/ST/STM32CubeIDE_1.19.0/STM32CubeIDE/plugins/com.st.stm32cube.ide.mcu.externaltools.gnu-tools-for-stm32.13.3.rel1.win32_1.0.0.202411081344/tools/bin/../lib/gcc/arm-none-eabi/13.3.1/../../../../arm-none-eabi/lib/thumb/v7e-m+fp/hard\libc_nano.a(libc_a-reallocr.o)
 .ARM.attributes